[    0.000000] Initializing cgroup subsys cpuset
[    0.000000] Initializing cgroup subsys cpu
[    0.000000] Initializing cgroup subsys cpuacct
[    0.000000] Linux version 3.19.0-25-generic (buildd@lgw01-20) (gcc version 4.8.2 (Ubuntu 4.8.2-19ubuntu1) ) #26~14.04.1-Ubuntu SMP Fri Jul 24 21:16:20 UTC 2015 (Ubuntu 3.19.0-25.26~14.04.1-generic 3.19.8-ckt2)
[    0.000000] Command line: BOOT_IMAGE=/boot/vmlinuz-3.19.0-25-generic root=UUID=a4942f6b-6b18-4733-a0af-b088be85b7d0 ro locale=zh_CN quiet splash
[    0.000000] KERNEL supported cpus:
[    0.000000]   Intel GenuineIntel
[    0.000000]   AMD AuthenticAMD
[    0.000000]   Centaur CentaurHauls
[    0.000000] e820: BIOS-provided physical RAM map:
[    0.000000] BIOS-e820: [mem 0x0000000000000000-0x000000000009d7ff] usable
[    0.000000] BIOS-e820: [mem 0x000000000009d800-0x000000000009ffff] reserved
[    0.000000] BIOS-e820: [mem 0x00000000000e0000-0x00000000000fffff] reserved
[    0.000000] BIOS-e820: [mem 0x0000000000100000-0x00000000cd54ffff] usable
[    0.000000] BIOS-e820: [mem 0x00000000cd550000-0x00000000cd556fff] ACPI NVS
[    0.000000] BIOS-e820: [mem 0x00000000cd557000-0x00000000cdef1fff] usable
[    0.000000] BIOS-e820: [mem 0x00000000cdef2000-0x00000000ce272fff] reserved
[    0.000000] BIOS-e820: [mem 0x00000000ce273000-0x00000000de179fff] usable
[    0.000000] BIOS-e820: [mem 0x00000000de17a000-0x00000000de203fff] reserved
[    0.000000] BIOS-e820: [mem 0x00000000de204000-0x00000000de369fff] usable
[    0.000000] BIOS-e820: [mem 0x00000000de36a000-0x00000000de890fff] ACPI NVS
[    0.000000] BIOS-e820: [mem 0x00000000de891000-0x00000000deffefff] reserved
[    0.000000] BIOS-e820: [mem 0x00000000defff000-0x00000000deffffff] usable
[    0.000000] BIOS-e820: [mem 0x00000000f8000000-0x00000000fbffffff] reserved
[    0.000000] BIOS-e820: [mem 0x00000000fec00000-0x00000000fec00fff] reserved
[    0.000000] BIOS-e820: [mem 0x00000000fed00000-0x00000000fed03fff] reserved
[    0.000000] BIOS-e820: [mem 0x00000000fed1c000-0x00000000fed1ffff] reserved
[    0.000000] BIOS-e820: [mem 0x00000000fee00000-0x00000000fee00fff] reserved
[    0.000000] BIOS-e820: [mem 0x00000000ff000000-0x00000000ffffffff] reserved
[    0.000000] BIOS-e820: [mem 0x0000000100000000-0x000000021effffff] usable
[    0.000000] NX (Execute Disable) protection: active
[    0.000000] SMBIOS 2.7 present.
[    0.000000] DMI: Dell Inc. Inspiron 3847/088DT1       , BIOS A04 04/03/2014
[    0.000000] e820: update [mem 0x00000000-0x00000fff] usable ==> reserved
[    0.000000] e820: remove [mem 0x000a0000-0x000fffff] usable
[    0.000000] AGP: No AGP bridge found
[    0.000000] e820: last_pfn = 0x21f000 max_arch_pfn = 0x400000000
[    0.000000] MTRR default type: uncachable
[    0.000000] MTRR fixed ranges enabled:
[    0.000000]   00000-9FFFF write-back
[    0.000000]   A0000-BFFFF uncachable
[    0.000000]   C0000-CFFFF write-protect
[    0.000000]   D0000-E7FFF uncachable
[    0.000000]   E8000-FFFFF write-protect
[    0.000000] MTRR variable ranges enabled:
[    0.000000]   0 base 0000000000 mask 7E00000000 write-back
[    0.000000]   1 base 0200000000 mask 7FF0000000 write-back
[    0.000000]   2 base 0210000000 mask 7FF8000000 write-back
[    0.000000]   3 base 0218000000 mask 7FFC000000 write-back
[    0.000000]   4 base 021C000000 mask 7FFE000000 write-back
[    0.000000]   5 base 021E000000 mask 7FFF000000 write-back
[    0.000000]   6 base 00E0000000 mask 7FE0000000 uncachable
[    0.000000]   7 disabled
[    0.000000]   8 disabled
[    0.000000]   9 disabled
[    0.000000] PAT configuration [0-7]: WB  WC  UC- UC  WB  WC  UC- UC  
[    0.000000] original variable MTRRs
[    0.000000] reg 0, base: 0GB, range: 8GB, type WB
[    0.000000] reg 1, base: 8GB, range: 256MB, type WB
[    0.000000] reg 2, base: 8448MB, range: 128MB, type WB
[    0.000000] reg 3, base: 8576MB, range: 64MB, type WB
[    0.000000] reg 4, base: 8640MB, range: 32MB, type WB
[    0.000000] reg 5, base: 8672MB, range: 16MB, type WB
[    0.000000] reg 6, base: 3584MB, range: 512MB, type UC
[    0.000000] total RAM covered: 8176M
[    0.000000] Found optimal setting for mtrr clean up
[    0.000000]  gran_size: 64K 	chunk_size: 32M 	num_reg: 6  	lose cover RAM: 0G
[    0.000000] New variable MTRRs
[    0.000000] reg 0, base: 0GB, range: 2GB, type WB
[    0.000000] reg 1, base: 2GB, range: 1GB, type WB
[    0.000000] reg 2, base: 3GB, range: 512MB, type WB
[    0.000000] reg 3, base: 4GB, range: 4GB, type WB
[    0.000000] reg 4, base: 8GB, range: 512MB, type WB
[    0.000000] reg 5, base: 8688MB, range: 16MB, type UC
[    0.000000] e820: update [mem 0xe0000000-0xffffffff] usable ==> reserved
[    0.000000] e820: last_pfn = 0xdf000 max_arch_pfn = 0x400000000
[    0.000000] found SMP MP-table at [mem 0x000fdb80-0x000fdb8f] mapped at [ffff8800000fdb80]
[    0.000000] Scanning 1 areas for low memory corruption
[    0.000000] Base memory trampoline at [ffff880000097000] 97000 size 24576
[    0.000000] Using GB pages for direct mapping
[    0.000000] init_memory_mapping: [mem 0x00000000-0x000fffff]
[    0.000000]  [mem 0x00000000-0x000fffff] page 4k
[    0.000000] BRK [0x01fd4000, 0x01fd4fff] PGTABLE
[    0.000000] BRK [0x01fd5000, 0x01fd5fff] PGTABLE
[    0.000000] BRK [0x01fd6000, 0x01fd6fff] PGTABLE
[    0.000000] init_memory_mapping: [mem 0x21ee00000-0x21effffff]
[    0.000000]  [mem 0x21ee00000-0x21effffff] page 2M
[    0.000000] BRK [0x01fd7000, 0x01fd7fff] PGTABLE
[    0.000000] init_memory_mapping: [mem 0x200000000-0x21edfffff]
[    0.000000]  [mem 0x200000000-0x21edfffff] page 2M
[    0.000000] init_memory_mapping: [mem 0x1e0000000-0x1ffffffff]
[    0.000000]  [mem 0x1e0000000-0x1ffffffff] page 1G
[    0.000000] init_memory_mapping: [mem 0x00100000-0xcd54ffff]
[    0.000000]  [mem 0x00100000-0x001fffff] page 4k
[    0.000000]  [mem 0x00200000-0x3fffffff] page 2M
[    0.000000]  [mem 0x40000000-0xbfffffff] page 1G
[    0.000000]  [mem 0xc0000000-0xcd3fffff] page 2M
[    0.000000]  [mem 0xcd400000-0xcd54ffff] page 4k
[    0.000000] init_memory_mapping: [mem 0xcd557000-0xcdef1fff]
[    0.000000]  [mem 0xcd557000-0xcd5fffff] page 4k
[    0.000000]  [mem 0xcd600000-0xcddfffff] page 2M
[    0.000000]  [mem 0xcde00000-0xcdef1fff] page 4k
[    0.000000] BRK [0x01fd8000, 0x01fd8fff] PGTABLE
[    0.000000] init_memory_mapping: [mem 0xce273000-0xde179fff]
[    0.000000]  [mem 0xce273000-0xce3fffff] page 4k
[    0.000000]  [mem 0xce400000-0xddffffff] page 2M
[    0.000000]  [mem 0xde000000-0xde179fff] page 4k
[    0.000000] BRK [0x01fd9000, 0x01fd9fff] PGTABLE
[    0.000000] init_memory_mapping: [mem 0xde204000-0xde369fff]
[    0.000000]  [mem 0xde204000-0xde369fff] page 4k
[    0.000000] init_memory_mapping: [mem 0xdefff000-0xdeffffff]
[    0.000000]  [mem 0xdefff000-0xdeffffff] page 4k
[    0.000000] init_memory_mapping: [mem 0x100000000-0x1dfffffff]
[    0.000000]  [mem 0x100000000-0x1dfffffff] page 1G
[    0.000000] RAMDISK: [mem 0x35a2a000-0x36d0cfff]
[    0.000000] ACPI: Early table checksum verification disabled
[    0.000000] ACPI: RSDP 0x00000000000F0490 000024 (v02 DELL  )
[    0.000000] ACPI: XSDT 0x00000000DE476080 000084 (v01 DELL   WN09     01072009 AMI  00010013)
[    0.000000] ACPI: FACP 0x00000000DE482860 00010C (v05 DELL   WN09     01072009 AMI  00010013)
[    0.000000] ACPI: DSDT 0x00000000DE4761A0 00C6BD (v02 DELL   WN09     00000000 INTL 20120711)
[    0.000000] ACPI: FACS 0x00000000DE88F080 000040
[    0.000000] ACPI: APIC 0x00000000DE482970 000072 (v03 DELL   WN09     01072009 AMI  00010013)
[    0.000000] ACPI: FPDT 0x00000000DE4829E8 000044 (v01 DELL   WN09     01072009 AMI  00010013)
[    0.000000] ACPI: ASF! 0x00000000DE482A30 0000A5 (v32 INTEL   HCG     00000001 TFSM 000F4240)
[    0.000000] ACPI: SLIC 0x00000000DE482AD8 000176 (v01 DELL   WN09     01072009 AMI  00010013)
[    0.000000] ACPI: SSDT 0x00000000DE482C50 000539 (v01 PmRef  Cpu0Ist  00003000 INTL 20120711)
[    0.000000] ACPI: SSDT 0x00000000DE483190 000AD8 (v01 PmRef  CpuPm    00003000 INTL 20120711)
[    0.000000] ACPI: MCFG 0x00000000DE483C68 00003C (v01 DELL   WN09     01072009 MSFT 00000097)
[    0.000000] ACPI: HPET 0x00000000DE483CA8 000038 (v01 DELL   WN09     01072009 AMI. 00000005)
[    0.000000] ACPI: SSDT 0x00000000DE483CE0 00036D (v01 SataRe SataTabl 00001000 INTL 20120711)
[    0.000000] ACPI: SSDT 0x00000000DE484050 003528 (v01 SaSsdt SaSsdt   00003000 INTL 20091112)
[    0.000000] ACPI: DMAR 0x00000000DE487578 000080 (v01 INTEL  HSW      00000001 INTL 00000001)
[    0.000000] ACPI: Local APIC address 0xfee00000
[    0.000000] No NUMA configuration found
[    0.000000] Faking a node at [mem 0x0000000000000000-0x000000021effffff]
[    0.000000] NODE_DATA(0) allocated [mem 0x21eff6000-0x21effafff]
[    0.000000]  [ffffea0000000000-ffffea00087fffff] PMD -> [ffff880216600000-ffff88021e5fffff] on node 0
[    0.000000] Zone ranges:
[    0.000000]   DMA      [mem 0x00001000-0x00ffffff]
[    0.000000]   DMA32    [mem 0x01000000-0xffffffff]
[    0.000000]   Normal   [mem 0x100000000-0x21effffff]
[    0.000000] Movable zone start for each node
[    0.000000] Early memory node ranges
[    0.000000]   node   0: [mem 0x00001000-0x0009cfff]
[    0.000000]   node   0: [mem 0x00100000-0xcd54ffff]
[    0.000000]   node   0: [mem 0xcd557000-0xcdef1fff]
[    0.000000]   node   0: [mem 0xce273000-0xde179fff]
[    0.000000]   node   0: [mem 0xde204000-0xde369fff]
[    0.000000]   node   0: [mem 0xdefff000-0xdeffffff]
[    0.000000]   node   0: [mem 0x100000000-0x21effffff]
[    0.000000] Initmem setup node 0 [mem 0x00001000-0x21effffff]
[    0.000000] On node 0 totalpages: 2084597
[    0.000000]   DMA zone: 64 pages used for memmap
[    0.000000]   DMA zone: 21 pages reserved
[    0.000000]   DMA zone: 3996 pages, LIFO batch:0
[    0.000000]   DMA32 zone: 14142 pages used for memmap
[    0.000000]   DMA32 zone: 905049 pages, LIFO batch:31
[    0.000000]   Normal zone: 18368 pages used for memmap
[    0.000000]   Normal zone: 1175552 pages, LIFO batch:31
[    0.000000] ACPI: PM-Timer IO Port: 0x1808
[    0.000000] ACPI: Local APIC address 0xfee00000
[    0.000000] ACPI: LAPIC (acpi_id[0x01] lapic_id[0x00] enabled)
[    0.000000] ACPI: LAPIC (acpi_id[0x02] lapic_id[0x02] enabled)
[    0.000000] ACPI: LAPIC (acpi_id[0x03] lapic_id[0x04] enabled)
[    0.000000] ACPI: LAPIC (acpi_id[0x04] lapic_id[0x06] enabled)
[    0.000000] ACPI: LAPIC_NMI (acpi_id[0xff] high edge lint[0x1])
[    0.000000] ACPI: IOAPIC (id[0x08] address[0xfec00000] gsi_base[0])
[    0.000000] IOAPIC[0]: apic_id 8, version 32, address 0xfec00000, GSI 0-23
[    0.000000] ACPI: INT_SRC_OVR (bus 0 bus_irq 0 global_irq 2 dfl dfl)
[    0.000000] ACPI: INT_SRC_OVR (bus 0 bus_irq 9 global_irq 9 high level)
[    0.000000] ACPI: IRQ0 used by override.
[    0.000000] ACPI: IRQ9 used by override.
[    0.000000] Using ACPI (MADT) for SMP configuration information
[    0.000000] ACPI: HPET id: 0x8086a701 base: 0xfed00000
[    0.000000] smpboot: Allowing 4 CPUs, 0 hotplug CPUs
[    0.000000] PM: Registered nosave memory: [mem 0x00000000-0x00000fff]
[    0.000000] PM: Registered nosave memory: [mem 0x0009d000-0x0009dfff]
[    0.000000] PM: Registered nosave memory: [mem 0x0009e000-0x0009ffff]
[    0.000000] PM: Registered nosave memory: [mem 0x000a0000-0x000dffff]
[    0.000000] PM: Registered nosave memory: [mem 0x000e0000-0x000fffff]
[    0.000000] PM: Registered nosave memory: [mem 0xcd550000-0xcd556fff]
[    0.000000] PM: Registered nosave memory: [mem 0xcdef2000-0xce272fff]
[    0.000000] PM: Registered nosave memory: [mem 0xde17a000-0xde203fff]
[    0.000000] PM: Registered nosave memory: [mem 0xde36a000-0xde890fff]
[    0.000000] PM: Registered nosave memory: [mem 0xde891000-0xdeffefff]
[    0.000000] PM: Registered nosave memory: [mem 0xdf000000-0xf7ffffff]
[    0.000000] PM: Registered nosave memory: [mem 0xf8000000-0xfbffffff]
[    0.000000] PM: Registered nosave memory: [mem 0xfc000000-0xfebfffff]
[    0.000000] PM: Registered nosave memory: [mem 0xfec00000-0xfec00fff]
[    0.000000] PM: Registered nosave memory: [mem 0xfec01000-0xfecfffff]
[    0.000000] PM: Registered nosave memory: [mem 0xfed00000-0xfed03fff]
[    0.000000] PM: Registered nosave memory: [mem 0xfed04000-0xfed1bfff]
[    0.000000] PM: Registered nosave memory: [mem 0xfed1c000-0xfed1ffff]
[    0.000000] PM: Registered nosave memory: [mem 0xfed20000-0xfedfffff]
[    0.000000] PM: Registered nosave memory: [mem 0xfee00000-0xfee00fff]
[    0.000000] PM: Registered nosave memory: [mem 0xfee01000-0xfeffffff]
[    0.000000] PM: Registered nosave memory: [mem 0xff000000-0xffffffff]
[    0.000000] e820: [mem 0xdf000000-0xf7ffffff] available for PCI devices
[    0.000000] Booting paravirtualized kernel on bare hardware
[    0.000000] setup_percpu: NR_CPUS:256 nr_cpumask_bits:256 nr_cpu_ids:4 nr_node_ids:1
[    0.000000] PERCPU: Embedded 31 pages/cpu @ffff88021ec00000 s86144 r8192 d32640 u524288
[    0.000000] pcpu-alloc: s86144 r8192 d32640 u524288 alloc=1*2097152
[    0.000000] pcpu-alloc: [0] 0 1 2 3 
[    0.000000] Built 1 zonelists in Node order, mobility grouping on.  Total pages: 2052002
[    0.000000] Policy zone: Normal
[    0.000000] Kernel command line: BOOT_IMAGE=/boot/vmlinuz-3.19.0-25-generic root=UUID=a4942f6b-6b18-4733-a0af-b088be85b7d0 ro locale=zh_CN quiet splash
[    0.000000] PID hash table entries: 4096 (order: 3, 32768 bytes)
[    0.000000] xsave: enabled xstate_bv 0x7, cntxt size 0x340 using standard form
[    0.000000] AGP: Checking aperture...
[    0.000000] AGP: No AGP bridge found
[    0.000000] Calgary: detecting Calgary via BIOS EBDA area
[    0.000000] Calgary: Unable to locate Rio Grande table in EBDA - bailing!
[    0.000000] Memory: 8104820K/8338388K available (7918K kernel code, 1172K rwdata, 3752K rodata, 1408K init, 1292K bss, 233568K reserved, 0K cma-reserved)
[    0.000000] SLUB: HWalign=64, Order=0-3, MinObjects=0, CPUs=4, Nodes=1
[    0.000000] Hierarchical RCU implementation.
[    0.000000] 	RCU dyntick-idle grace-period acceleration is enabled.
[    0.000000] 	RCU restricting CPUs from NR_CPUS=256 to nr_cpu_ids=4.
[    0.000000] RCU: Adjusting geometry for rcu_fanout_leaf=16, nr_cpu_ids=4
[    0.000000] NR_IRQS:16640 nr_irqs:456 16
[    0.000000] 	Offload RCU callbacks from all CPUs
[    0.000000] 	Offload RCU callbacks from CPUs: 0-3.
[    0.000000] Console: colour VGA+ 80x25
[    0.000000] console [tty0] enabled
[    0.000000] hpet clockevent registered
[    0.000000] tsc: Fast TSC calibration using PIT
[    0.000000] tsc: Detected 3192.856 MHz processor
[    0.000021] Calibrating delay loop (skipped), value calculated using timer frequency.. 6385.71 BogoMIPS (lpj=12771424)
[    0.000023] pid_max: default: 32768 minimum: 301
[    0.000027] ACPI: Core revision 20141107
[    0.007393] ACPI: All ACPI Tables successfully acquired
[    0.007610] Security Framework initialized
[    0.007621] AppArmor: AppArmor initialized
[    0.007622] Yama: becoming mindful.
[    0.007993] Dentry cache hash table entries: 1048576 (order: 11, 8388608 bytes)
[    0.009112] Inode-cache hash table entries: 524288 (order: 10, 4194304 bytes)
[    0.009590] Mount-cache hash table entries: 16384 (order: 5, 131072 bytes)
[    0.009597] Mountpoint-cache hash table entries: 16384 (order: 5, 131072 bytes)
[    0.009752] Initializing cgroup subsys memory
[    0.009756] Initializing cgroup subsys devices
[    0.009757] Initializing cgroup subsys freezer
[    0.009759] Initializing cgroup subsys net_cls
[    0.009760] Initializing cgroup subsys blkio
[    0.009762] Initializing cgroup subsys perf_event
[    0.009763] Initializing cgroup subsys net_prio
[    0.009765] Initializing cgroup subsys hugetlb
[    0.009784] CPU: Physical Processor ID: 0
[    0.009784] CPU: Processor Core ID: 0
[    0.009788] ENERGY_PERF_BIAS: Set to 'normal', was 'performance'
[    0.009788] ENERGY_PERF_BIAS: View and update with x86_energy_perf_policy(8)
[    0.010561] mce: CPU supports 9 MCE banks
[    0.010572] CPU0: Thermal monitoring enabled (TM1)
[    0.010579] process: using mwait in idle threads
[    0.010582] Last level iTLB entries: 4KB 1024, 2MB 1024, 4MB 1024
[    0.010582] Last level dTLB entries: 4KB 1024, 2MB 1024, 4MB 1024, 1GB 4
[    0.010669] Freeing SMP alternatives memory: 32K (ffffffff81e87000 - ffffffff81e8f000)
[    0.011491] ftrace: allocating 29988 entries in 118 pages
[    0.020758] dmar: Host address width 39
[    0.020760] dmar: DRHD base: 0x000000fed90000 flags: 0x1
[    0.020766] dmar: IOMMU 0: reg_base_addr fed90000 ver 1:0 cap d2008c20660462 ecap f010da
[    0.020767] dmar: RMRR base: 0x000000dee9b000 end: 0x000000deea9fff
[    0.020833] IOAPIC id 8 under DRHD base  0xfed90000 IOMMU 0
[    0.020833] HPET id 0 under DRHD base 0xfed90000
[    0.020834] Queued invalidation will be enabled to support x2apic and Intr-remapping.
[    0.020892] Enabled IRQ remapping in x2apic mode
[    0.020893] Enabling x2apic
[    0.020893] Enabled x2apic
[    0.020898] Switched APIC routing to cluster x2apic.
[    0.021285] ..TIMER: vector=0x30 apic1=0 pin1=2 apic2=-1 pin2=-1
[    0.061003] smpboot: CPU0: Intel(R) Core(TM) i5-4460  CPU @ 3.20GHz (fam: 06, model: 3c, stepping: 03)
[    0.061009] TSC deadline timer enabled
[    0.061026] Performance Events: PEBS fmt2+, 16-deep LBR, Haswell events, full-width counters, Intel PMU driver.
[    0.061042] ... version:                3
[    0.061042] ... bit width:              48
[    0.061043] ... generic registers:      8
[    0.061043] ... value mask:             0000ffffffffffff
[    0.061044] ... max period:             0000ffffffffffff
[    0.061045] ... fixed-purpose events:   3
[    0.061045] ... event mask:             00000007000000ff
[    0.061664] x86: Booting SMP configuration:
[    0.061665] .... node  #0, CPUs:      #1
[    0.075541] NMI watchdog: enabled on all CPUs, permanently consumes one hw-PMU counter.
[    0.075607]  #2 #3
[    0.103361] x86: Booted up 1 node, 4 CPUs
[    0.103363] smpboot: Total of 4 processors activated (25542.84 BogoMIPS)
[    0.106149] devtmpfs: initialized
[    0.108542] evm: security.selinux
[    0.108543] evm: security.SMACK64
[    0.108544] evm: security.SMACK64EXEC
[    0.108544] evm: security.SMACK64TRANSMUTE
[    0.108545] evm: security.SMACK64MMAP
[    0.108546] evm: security.ima
[    0.108546] evm: security.capability
[    0.108581] PM: Registering ACPI NVS region [mem 0xcd550000-0xcd556fff] (28672 bytes)
[    0.108582] PM: Registering ACPI NVS region [mem 0xde36a000-0xde890fff] (5402624 bytes)
[    0.108729] pinctrl core: initialized pinctrl subsystem
[    0.108807] RTC time: 15:16:58, date: 01/24/16
[    0.108884] NET: Registered protocol family 16
[    0.114048] cpuidle: using governor ladder
[    0.118057] cpuidle: using governor menu
[    0.118105] ACPI: bus type PCI registered
[    0.118107] acpiphp: ACPI Hot Plug PCI Controller Driver version: 0.5
[    0.118164] PCI: MMCONFIG for domain 0000 [bus 00-3f] at [mem 0xf8000000-0xfbffffff] (base 0xf8000000)
[    0.118165] PCI: MMCONFIG at [mem 0xf8000000-0xfbffffff] reserved in E820
[    0.118221] PCI: Using configuration type 1 for base access
[    0.122309] ACPI: Added _OSI(Module Device)
[    0.122310] ACPI: Added _OSI(Processor Device)
[    0.122311] ACPI: Added _OSI(3.0 _SCP Extensions)
[    0.122312] ACPI: Added _OSI(Processor Aggregator Device)
[    0.124858] ACPI: Executed 1 blocks of module-level executable AML code
[    0.126546] [Firmware Bug]: ACPI: BIOS _OSI(Linux) query ignored
[    0.127068] ACPI: Dynamic OEM Table Load:
[    0.127073] ACPI: SSDT 0xFFFF880214DDFC00 0003D3 (v01 PmRef  Cpu0Cst  00003001 INTL 20120711)
[    0.127526] ACPI: Dynamic OEM Table Load:
[    0.127529] ACPI: SSDT 0xFFFF880214C6A000 0005AA (v01 PmRef  ApIst    00003000 INTL 20120711)
[    0.128009] ACPI: Dynamic OEM Table Load:
[    0.128011] ACPI: SSDT 0xFFFF880214E58E00 000119 (v01 PmRef  ApCst    00003000 INTL 20120711)
[    0.128688] ACPI: Interpreter enabled
[    0.128693] ACPI Exception: AE_NOT_FOUND, While evaluating Sleep State [\_S1_] (20141107/hwxface-580)
[    0.128696] ACPI Exception: AE_NOT_FOUND, While evaluating Sleep State [\_S2_] (20141107/hwxface-580)
[    0.128707] ACPI: (supports S0 S3 S4 S5)
[    0.128708] ACPI: Using IOAPIC for interrupt routing
[    0.128725] PCI: Using host bridge windows from ACPI; if necessary, use "pci=nocrs" and report a bug
[    0.133963] ACPI: Power Resource [FN00] (off)
[    0.134016] ACPI: Power Resource [FN01] (off)
[    0.134067] ACPI: Power Resource [FN02] (off)
[    0.134119] ACPI: Power Resource [FN03] (off)
[    0.134170] ACPI: Power Resource [FN04] (off)
[    0.134678] ACPI: PCI Root Bridge [PCI0] (domain 0000 [bus 00-3e])
[    0.134682] acpi PNP0A08:00: _OSC: OS supports [ExtendedConfig ASPM ClockPM Segments MSI]
[    0.135068] acpi PNP0A08:00: _OSC: OS now controls [PCIeHotplug PME AER PCIeCapability]
[    0.135419] PCI host bridge to bus 0000:00
[    0.135420] pci_bus 0000:00: root bus resource [bus 00-3e]
[    0.135422] pci_bus 0000:00: root bus resource [io  0x0000-0x0cf7]
[    0.135423] pci_bus 0000:00: root bus resource [io  0x0d00-0xffff]
[    0.135424] pci_bus 0000:00: root bus resource [mem 0x000a0000-0x000bffff]
[    0.135425] pci_bus 0000:00: root bus resource [mem 0x000d0000-0x000d3fff]
[    0.135425] pci_bus 0000:00: root bus resource [mem 0x000d4000-0x000d7fff]
[    0.135426] pci_bus 0000:00: root bus resource [mem 0x000d8000-0x000dbfff]
[    0.135427] pci_bus 0000:00: root bus resource [mem 0x000dc000-0x000dffff]
[    0.135428] pci_bus 0000:00: root bus resource [mem 0x000e0000-0x000e3fff]
[    0.135429] pci_bus 0000:00: root bus resource [mem 0x000e4000-0x000e7fff]
[    0.135430] pci_bus 0000:00: root bus resource [mem 0xe0000000-0xfeafffff]
[    0.135436] pci 0000:00:00.0: [8086:0c00] type 00 class 0x060000
[    0.135495] pci 0000:00:01.0: [8086:0c01] type 01 class 0x060400
[    0.135903] pci 0000:00:01.0: PME# supported from D0 D3hot D3cold
[    0.135933] pci 0000:00:01.0: System wakeup disabled by ACPI
[    0.135979] pci 0000:00:14.0: [8086:8c31] type 00 class 0x0c0330
[    0.135996] pci 0000:00:14.0: reg 0x10: [mem 0xf7300000-0xf730ffff 64bit]
[    0.136050] pci 0000:00:14.0: PME# supported from D3hot D3cold
[    0.136075] pci 0000:00:14.0: System wakeup disabled by ACPI
[    0.136103] pci 0000:00:16.0: [8086:8c3a] type 00 class 0x078000
[    0.136120] pci 0000:00:16.0: reg 0x10: [mem 0xf731a000-0xf731a00f 64bit]
[    0.136177] pci 0000:00:16.0: PME# supported from D0 D3hot D3cold
[    0.136235] pci 0000:00:1a.0: [8086:8c2d] type 00 class 0x0c0320
[    0.136253] pci 0000:00:1a.0: reg 0x10: [mem 0xf7318000-0xf73183ff]
[    0.136333] pci 0000:00:1a.0: PME# supported from D0 D3hot D3cold
[    0.136367] pci 0000:00:1a.0: System wakeup disabled by ACPI
[    0.136396] pci 0000:00:1b.0: [8086:8c20] type 00 class 0x040300
[    0.136410] pci 0000:00:1b.0: reg 0x10: [mem 0xf7310000-0xf7313fff 64bit]
[    0.136472] pci 0000:00:1b.0: PME# supported from D0 D3hot D3cold
[    0.136498] pci 0000:00:1b.0: System wakeup disabled by ACPI
[    0.136523] pci 0000:00:1c.0: [8086:8c10] type 01 class 0x060400
[    0.136583] pci 0000:00:1c.0: PME# supported from D0 D3hot D3cold
[    0.136610] pci 0000:00:1c.0: System wakeup disabled by ACPI
[    0.136636] pci 0000:00:1c.3: [8086:8c16] type 01 class 0x060400
[    0.136697] pci 0000:00:1c.3: PME# supported from D0 D3hot D3cold
[    0.136724] pci 0000:00:1c.3: System wakeup disabled by ACPI
[    0.136749] pci 0000:00:1c.4: [8086:8c18] type 01 class 0x060400
[    0.136813] pci 0000:00:1c.4: PME# supported from D0 D3hot D3cold
[    0.136841] pci 0000:00:1c.4: System wakeup disabled by ACPI
[    0.136872] pci 0000:00:1d.0: [8086:8c26] type 00 class 0x0c0320
[    0.136890] pci 0000:00:1d.0: reg 0x10: [mem 0xf7317000-0xf73173ff]
[    0.136971] pci 0000:00:1d.0: PME# supported from D0 D3hot D3cold
[    0.137006] pci 0000:00:1d.0: System wakeup disabled by ACPI
[    0.137033] pci 0000:00:1f.0: [8086:8c5c] type 00 class 0x060100
[    0.137171] pci 0000:00:1f.2: [8086:8c02] type 00 class 0x010601
[    0.137185] pci 0000:00:1f.2: reg 0x10: [io  0xf070-0xf077]
[    0.137191] pci 0000:00:1f.2: reg 0x14: [io  0xf060-0xf063]
[    0.137198] pci 0000:00:1f.2: reg 0x18: [io  0xf050-0xf057]
[    0.137205] pci 0000:00:1f.2: reg 0x1c: [io  0xf040-0xf043]
[    0.137211] pci 0000:00:1f.2: reg 0x20: [io  0xf020-0xf03f]
[    0.137218] pci 0000:00:1f.2: reg 0x24: [mem 0xf7316000-0xf73167ff]
[    0.137251] pci 0000:00:1f.2: PME# supported from D3hot
[    0.137296] pci 0000:00:1f.3: [8086:8c22] type 00 class 0x0c0500
[    0.137308] pci 0000:00:1f.3: reg 0x10: [mem 0xf7315000-0xf73150ff 64bit]
[    0.137326] pci 0000:00:1f.3: reg 0x20: [io  0xf000-0xf01f]
[    0.137415] pci 0000:01:00.0: [10de:104c] type 00 class 0x030000
[    0.137426] pci 0000:01:00.0: reg 0x10: [mem 0xf6000000-0xf6ffffff]
[    0.137437] pci 0000:01:00.0: reg 0x14: [mem 0xe8000000-0xefffffff 64bit pref]
[    0.137447] pci 0000:01:00.0: reg 0x1c: [mem 0xf0000000-0xf1ffffff 64bit pref]
[    0.137454] pci 0000:01:00.0: reg 0x24: [io  0xe000-0xe07f]
[    0.137461] pci 0000:01:00.0: reg 0x30: [mem 0xf7000000-0xf707ffff pref]
[    0.137526] pci 0000:01:00.0: System wakeup disabled by ACPI
[    0.137557] pci 0000:01:00.1: [10de:0e08] type 00 class 0x040300
[    0.137567] pci 0000:01:00.1: reg 0x10: [mem 0xf7080000-0xf7083fff]
[    0.145556] pci 0000:00:01.0: PCI bridge to [bus 01]
[    0.145558] pci 0000:00:01.0:   bridge window [io  0xe000-0xefff]
[    0.145559] pci 0000:00:01.0:   bridge window [mem 0xf6000000-0xf70fffff]
[    0.145562] pci 0000:00:01.0:   bridge window [mem 0xe8000000-0xf1ffffff 64bit pref]
[    0.145615] pci 0000:00:1c.0: PCI bridge to [bus 02]
[    0.145692] pci 0000:03:00.0: [10ec:8168] type 00 class 0x020000
[    0.145710] pci 0000:03:00.0: reg 0x10: [io  0xd000-0xd0ff]
[    0.145737] pci 0000:03:00.0: reg 0x18: [mem 0xf7200000-0xf7200fff 64bit]
[    0.145754] pci 0000:03:00.0: reg 0x20: [mem 0xf2100000-0xf2103fff 64bit pref]
[    0.145844] pci 0000:03:00.0: supports D1 D2
[    0.145846] pci 0000:03:00.0: PME# supported from D0 D1 D2 D3hot D3cold
[    0.145875] pci 0000:03:00.0: System wakeup disabled by ACPI
[    0.153570] pci 0000:00:1c.3: PCI bridge to [bus 03]
[    0.153574] pci 0000:00:1c.3:   bridge window [io  0xd000-0xdfff]
[    0.153577] pci 0000:00:1c.3:   bridge window [mem 0xf7200000-0xf72fffff]
[    0.153581] pci 0000:00:1c.3:   bridge window [mem 0xf2100000-0xf21fffff 64bit pref]
[    0.153666] pci 0000:04:00.0: [168c:0036] type 00 class 0x028000
[    0.153703] pci 0000:04:00.0: reg 0x10: [mem 0xf7100000-0xf717ffff 64bit]
[    0.153783] pci 0000:04:00.0: reg 0x30: [mem 0xf7180000-0xf718ffff pref]
[    0.153898] pci 0000:04:00.0: supports D1 D2
[    0.153899] pci 0000:04:00.0: PME# supported from D0 D1 D2 D3hot D3cold
[    0.153934] pci 0000:04:00.0: System wakeup disabled by ACPI
[    0.161589] pci 0000:00:1c.4: PCI bridge to [bus 04]
[    0.161594] pci 0000:00:1c.4:   bridge window [mem 0xf7100000-0xf71fffff]
[    0.162027] ACPI: PCI Interrupt Link [LNKA] (IRQs 3 4 5 6 10 *11 12 14 15)
[    0.162059] ACPI: PCI Interrupt Link [LNKB] (IRQs 3 4 5 6 *10 11 12 14 15)
[    0.162089] ACPI: PCI Interrupt Link [LNKC] (IRQs 3 4 5 6 10 *11 12 14 15)
[    0.162119] ACPI: PCI Interrupt Link [LNKD] (IRQs 3 4 *5 6 10 11 12 14 15)
[    0.162149] ACPI: PCI Interrupt Link [LNKE] (IRQs 3 4 5 6 10 11 12 14 15) *0, disabled.
[    0.162180] ACPI: PCI Interrupt Link [LNKF] (IRQs 3 4 5 6 10 11 12 14 15) *0, disabled.
[    0.162209] ACPI: PCI Interrupt Link [LNKG] (IRQs *3 4 5 6 10 11 12 14 15)
[    0.162238] ACPI: PCI Interrupt Link [LNKH] (IRQs 3 *4 5 6 10 11 12 14 15)
[    0.162420] ACPI: Enabled 4 GPEs in block 00 to 3F
[    0.162486] vgaarb: setting as boot device: PCI:0000:01:00.0
[    0.162488] vgaarb: device added: PCI:0000:01:00.0,decodes=io+mem,owns=io+mem,locks=none
[    0.162489] vgaarb: loaded
[    0.162490] vgaarb: bridge control possible 0000:01:00.0
[    0.162638] SCSI subsystem initialized
[    0.162659] libata version 3.00 loaded.
[    0.162676] ACPI: bus type USB registered
[    0.162688] usbcore: registered new interface driver usbfs
[    0.162693] usbcore: registered new interface driver hub
[    0.162702] usbcore: registered new device driver usb
[    0.162779] PCI: Using ACPI for IRQ routing
[    0.163996] PCI: pci_cache_line_size set to 64 bytes
[    0.164040] e820: reserve RAM buffer [mem 0x0009d800-0x0009ffff]
[    0.164041] e820: reserve RAM buffer [mem 0xcd550000-0xcfffffff]
[    0.164042] e820: reserve RAM buffer [mem 0xcdef2000-0xcfffffff]
[    0.164042] e820: reserve RAM buffer [mem 0xde17a000-0xdfffffff]
[    0.164043] e820: reserve RAM buffer [mem 0xde36a000-0xdfffffff]
[    0.164044] e820: reserve RAM buffer [mem 0xdf000000-0xdfffffff]
[    0.164045] e820: reserve RAM buffer [mem 0x21f000000-0x21fffffff]
[    0.164117] NetLabel: Initializing
[    0.164118] NetLabel:  domain hash size = 128
[    0.164119] NetLabel:  protocols = UNLABELED CIPSOv4
[    0.164128] NetLabel:  unlabeled traffic allowed by default
[    0.164167] hpet0: at MMIO 0xfed00000, IRQs 2, 8, 0, 0, 0, 0, 0, 0
[    0.164171] hpet0: 8 comparators, 64-bit 14.318180 MHz counter
[    0.166197] Switched to clocksource hpet
[    0.169999] AppArmor: AppArmor Filesystem Enabled
[    0.170036] pnp: PnP ACPI init
[    0.170082] system 00:00: [mem 0xfed40000-0xfed44fff] has been reserved
[    0.170084] system 00:00: Plug and Play ACPI device, IDs PNP0c01 (active)
[    0.170195] system 00:01: [io  0x0680-0x069f] has been reserved
[    0.170197] system 00:01: [io  0xffff] has been reserved
[    0.170198] system 00:01: [io  0xffff] has been reserved
[    0.170204] system 00:01: [io  0xffff] has been reserved
[    0.170205] system 00:01: [io  0x1c00-0x1cfe] has been reserved
[    0.170206] system 00:01: [io  0x1d00-0x1dfe] has been reserved
[    0.170207] system 00:01: [io  0x1e00-0x1efe] has been reserved
[    0.170209] system 00:01: [io  0x1f00-0x1ffe] has been reserved
[    0.170211] system 00:01: [io  0x1800-0x18fe] could not be reserved
[    0.170212] system 00:01: [io  0x164e-0x164f] has been reserved
[    0.170213] system 00:01: Plug and Play ACPI device, IDs PNP0c02 (active)
[    0.170234] pnp 00:02: Plug and Play ACPI device, IDs PNP0b00 (active)
[    0.170264] system 00:03: [io  0x1854-0x1857] has been reserved
[    0.170266] system 00:03: Plug and Play ACPI device, IDs INT3f0d PNP0c02 (active)
[    0.170343] system 00:04: [io  0x0a00-0x0a1f] has been reserved
[    0.170345] system 00:04: [io  0x0a20-0x0a2f] has been reserved
[    0.170346] system 00:04: [io  0x0a30-0x0a3f] has been reserved
[    0.170347] system 00:04: Plug and Play ACPI device, IDs PNP0c02 (active)
[    0.170387] system 00:05: [io  0x04d0-0x04d1] has been reserved
[    0.170389] system 00:05: Plug and Play ACPI device, IDs PNP0c02 (active)
[    0.170644] system 00:06: [mem 0xfed1c000-0xfed1ffff] has been reserved
[    0.170645] system 00:06: [mem 0xfed10000-0xfed17fff] has been reserved
[    0.170646] system 00:06: [mem 0xfed18000-0xfed18fff] has been reserved
[    0.170647] system 00:06: [mem 0xfed19000-0xfed19fff] has been reserved
[    0.170649] system 00:06: [mem 0xf8000000-0xfbffffff] has been reserved
[    0.170650] system 00:06: [mem 0xfed20000-0xfed3ffff] has been reserved
[    0.170651] system 00:06: [mem 0xfed90000-0xfed93fff] could not be reserved
[    0.170652] system 00:06: [mem 0xfed45000-0xfed8ffff] has been reserved
[    0.170653] system 00:06: [mem 0xff000000-0xffffffff] has been reserved
[    0.170654] system 00:06: [mem 0xfee00000-0xfeefffff] could not be reserved
[    0.170656] system 00:06: [mem 0xf7fdf000-0xf7fdffff] has been reserved
[    0.170657] system 00:06: [mem 0xf7fe0000-0xf7feffff] has been reserved
[    0.170658] system 00:06: Plug and Play ACPI device, IDs PNP0c02 (active)
[    0.170789] pnp: PnP ACPI: found 7 devices
[    0.176570] pci 0000:00:1c.0: bridge window [io  0x1000-0x0fff] to [bus 02] add_size 1000
[    0.176572] pci 0000:00:1c.0: bridge window [mem 0x00100000-0x000fffff 64bit pref] to [bus 02] add_size 200000
[    0.176573] pci 0000:00:1c.0: bridge window [mem 0x00100000-0x000fffff] to [bus 02] add_size 200000
[    0.176586] pci 0000:00:1c.0: res[14]=[mem 0x00100000-0x000fffff] get_res_add_size add_size 200000
[    0.176587] pci 0000:00:1c.0: res[15]=[mem 0x00100000-0x000fffff 64bit pref] get_res_add_size add_size 200000
[    0.176588] pci 0000:00:1c.0: res[13]=[io  0x1000-0x0fff] get_res_add_size add_size 1000
[    0.176592] pci 0000:00:1c.0: BAR 14: assigned [mem 0xe0000000-0xe01fffff]
[    0.176597] pci 0000:00:1c.0: BAR 15: assigned [mem 0xe0200000-0xe03fffff 64bit pref]
[    0.176598] pci 0000:00:1c.0: BAR 13: assigned [io  0x2000-0x2fff]
[    0.176600] pci 0000:00:01.0: PCI bridge to [bus 01]
[    0.176601] pci 0000:00:01.0:   bridge window [io  0xe000-0xefff]
[    0.176604] pci 0000:00:01.0:   bridge window [mem 0xf6000000-0xf70fffff]
[    0.176606] pci 0000:00:01.0:   bridge window [mem 0xe8000000-0xf1ffffff 64bit pref]
[    0.176608] pci 0000:00:1c.0: PCI bridge to [bus 02]
[    0.176610] pci 0000:00:1c.0:   bridge window [io  0x2000-0x2fff]
[    0.176614] pci 0000:00:1c.0:   bridge window [mem 0xe0000000-0xe01fffff]
[    0.176618] pci 0000:00:1c.0:   bridge window [mem 0xe0200000-0xe03fffff 64bit pref]
[    0.176623] pci 0000:00:1c.3: PCI bridge to [bus 03]
[    0.176625] pci 0000:00:1c.3:   bridge window [io  0xd000-0xdfff]
[    0.176629] pci 0000:00:1c.3:   bridge window [mem 0xf7200000-0xf72fffff]
[    0.176632] pci 0000:00:1c.3:   bridge window [mem 0xf2100000-0xf21fffff 64bit pref]
[    0.176637] pci 0000:00:1c.4: PCI bridge to [bus 04]
[    0.176641] pci 0000:00:1c.4:   bridge window [mem 0xf7100000-0xf71fffff]
[    0.176648] pci_bus 0000:00: resource 4 [io  0x0000-0x0cf7]
[    0.176649] pci_bus 0000:00: resource 5 [io  0x0d00-0xffff]
[    0.176650] pci_bus 0000:00: resource 6 [mem 0x000a0000-0x000bffff]
[    0.176651] pci_bus 0000:00: resource 7 [mem 0x000d0000-0x000d3fff]
[    0.176652] pci_bus 0000:00: resource 8 [mem 0x000d4000-0x000d7fff]
[    0.176653] pci_bus 0000:00: resource 9 [mem 0x000d8000-0x000dbfff]
[    0.176654] pci_bus 0000:00: resource 10 [mem 0x000dc000-0x000dffff]
[    0.176655] pci_bus 0000:00: resource 11 [mem 0x000e0000-0x000e3fff]
[    0.176656] pci_bus 0000:00: resource 12 [mem 0x000e4000-0x000e7fff]
[    0.176657] pci_bus 0000:00: resource 13 [mem 0xe0000000-0xfeafffff]
[    0.176658] pci_bus 0000:01: resource 0 [io  0xe000-0xefff]
[    0.176659] pci_bus 0000:01: resource 1 [mem 0xf6000000-0xf70fffff]
[    0.176660] pci_bus 0000:01: resource 2 [mem 0xe8000000-0xf1ffffff 64bit pref]
[    0.176661] pci_bus 0000:02: resource 0 [io  0x2000-0x2fff]
[    0.176662] pci_bus 0000:02: resource 1 [mem 0xe0000000-0xe01fffff]
[    0.176663] pci_bus 0000:02: resource 2 [mem 0xe0200000-0xe03fffff 64bit pref]
[    0.176664] pci_bus 0000:03: resource 0 [io  0xd000-0xdfff]
[    0.176665] pci_bus 0000:03: resource 1 [mem 0xf7200000-0xf72fffff]
[    0.176666] pci_bus 0000:03: resource 2 [mem 0xf2100000-0xf21fffff 64bit pref]
[    0.176667] pci_bus 0000:04: resource 1 [mem 0xf7100000-0xf71fffff]
[    0.176684] NET: Registered protocol family 2
[    0.176799] TCP established hash table entries: 65536 (order: 7, 524288 bytes)
[    0.176895] TCP bind hash table entries: 65536 (order: 8, 1048576 bytes)
[    0.177001] TCP: Hash tables configured (established 65536 bind 65536)
[    0.177012] TCP: reno registered
[    0.177019] UDP hash table entries: 4096 (order: 5, 131072 bytes)
[    0.177040] UDP-Lite hash table entries: 4096 (order: 5, 131072 bytes)
[    0.177079] NET: Registered protocol family 1
[    0.218324] pci 0000:01:00.0: Video device with shadowed ROM
[    0.218344] PCI: CLS 64 bytes, default 64
[    0.218374] Trying to unpack rootfs image as initramfs...
[    0.427056] Freeing initrd memory: 19340K (ffff880035a2a000 - ffff880036d0d000)
[    0.427080] PCI-DMA: Using software bounce buffering for IO (SWIOTLB)
[    0.427082] software IO TLB [mem 0xda17a000-0xde17a000] (64MB) mapped at [ffff8800da17a000-ffff8800de179fff]
[    0.427216] RAPL PMU detected, hw unit 2^-14 Joules, API unit is 2^-32 Joules, 4 fixed counters 655360 ms ovfl timer
[    0.427280] microcode: CPU0 sig=0x306c3, pf=0x2, revision=0x17
[    0.427286] microcode: CPU1 sig=0x306c3, pf=0x2, revision=0x17
[    0.427290] microcode: CPU2 sig=0x306c3, pf=0x2, revision=0x17
[    0.427295] microcode: CPU3 sig=0x306c3, pf=0x2, revision=0x17
[    0.427328] microcode: Microcode Update Driver: v2.00 <tigran@aivazian.fsnet.co.uk>, Peter Oruba
[    0.427345] Scanning for low memory corruption every 60 seconds
[    0.427564] futex hash table entries: 1024 (order: 4, 65536 bytes)
[    0.427577] Initialise system trusted keyring
[    0.427592] audit: initializing netlink subsys (disabled)
[    0.427605] audit: type=2000 audit(1453648618.424:1): initialized
[    0.427831] HugeTLB registered 2 MB page size, pre-allocated 0 pages
[    0.428725] zpool: loaded
[    0.428727] zbud: loaded
[    0.428840] VFS: Disk quotas dquot_6.5.2
[    0.428862] VFS: Dquot-cache hash table entries: 512 (order 0, 4096 bytes)
[    0.429139] fuse init (API version 7.23)
[    0.429223] Key type big_key registered
[    0.429508] Key type asymmetric registered
[    0.429511] Asymmetric key parser 'x509' registered
[    0.429533] Block layer SCSI generic (bsg) driver version 0.4 loaded (major 252)
[    0.429566] io scheduler noop registered
[    0.429569] io scheduler deadline registered (default)
[    0.429587] io scheduler cfq registered
[    0.430072] pcieport 0000:00:01.0: Signaling PME through PCIe PME interrupt
[    0.430074] pci 0000:01:00.0: Signaling PME through PCIe PME interrupt
[    0.430075] pci 0000:01:00.1: Signaling PME through PCIe PME interrupt
[    0.430076] pcie_pme 0000:00:01.0:pcie01: service driver pcie_pme loaded
[    0.430086] pcieport 0000:00:1c.0: Signaling PME through PCIe PME interrupt
[    0.430089] pcie_pme 0000:00:1c.0:pcie01: service driver pcie_pme loaded
[    0.430100] pcieport 0000:00:1c.3: Signaling PME through PCIe PME interrupt
[    0.430101] pci 0000:03:00.0: Signaling PME through PCIe PME interrupt
[    0.430103] pcie_pme 0000:00:1c.3:pcie01: service driver pcie_pme loaded
[    0.430114] pcieport 0000:00:1c.4: Signaling PME through PCIe PME interrupt
[    0.430115] pci 0000:04:00.0: Signaling PME through PCIe PME interrupt
[    0.430118] pcie_pme 0000:00:1c.4:pcie01: service driver pcie_pme loaded
[    0.430121] pci_hotplug: PCI Hot Plug PCI Core version: 0.5
[    0.430149] pciehp 0000:00:1c.0:pcie04: Slot #0 AttnBtn- AttnInd- PwrInd- PwrCtrl- MRL- Interlock- NoCompl+ LLActRep+
[    0.430170] pciehp 0000:00:1c.0:pcie04: service driver pciehp loaded
[    0.430173] pciehp: PCI Express Hot Plug Controller Driver version: 0.4
[    0.430198] intel_idle: MWAIT substates: 0x42120
[    0.430199] intel_idle: v0.4 model 0x3C
[    0.430200] intel_idle: lapic_timer_reliable_states 0xffffffff
[    0.430355] input: Power Button as /devices/LNXSYSTM:00/LNXSYBUS:00/PNP0C0C:00/input/input0
[    0.430358] ACPI: Power Button [PWRB]
[    0.430381] input: Power Button as /devices/LNXSYSTM:00/LNXPWRBN:00/input/input1
[    0.430383] ACPI: Power Button [PWRF]
[    0.430854] thermal LNXTHERM:00: registered as thermal_zone0
[    0.430856] ACPI: Thermal Zone [TZ00] (28 C)
[    0.430976] thermal LNXTHERM:01: registered as thermal_zone1
[    0.430977] ACPI: Thermal Zone [TZ01] (30 C)
[    0.431008] GHES: HEST is not enabled!
[    0.431079] Serial: 8250/16550 driver, 32 ports, IRQ sharing enabled
[    0.432182] Linux agpgart interface v0.103
[    0.432975] brd: module loaded
[    0.433355] loop: module loaded
[    0.433484] libphy: Fixed MDIO Bus: probed
[    0.433486] tun: Universal TUN/TAP device driver, 1.6
[    0.433487] tun: (C) 1999-2004 Max Krasnyansky <maxk@qualcomm.com>
[    0.433516] PPP generic driver version 2.4.2
[    0.433618] xhci_hcd 0000:00:14.0: xHCI Host Controller
[    0.433622] xhci_hcd 0000:00:14.0: new USB bus registered, assigned bus number 1
[    0.433703] xhci_hcd 0000:00:14.0: cache line size of 64 is not supported
[    0.433761] usb usb1: New USB device found, idVendor=1d6b, idProduct=0002
[    0.433762] usb usb1: New USB device strings: Mfr=3, Product=2, SerialNumber=1
[    0.433763] usb usb1: Product: xHCI Host Controller
[    0.433764] usb usb1: Manufacturer: Linux 3.19.0-25-generic xhci-hcd
[    0.433765] usb usb1: SerialNumber: 0000:00:14.0
[    0.433834] hub 1-0:1.0: USB hub found
[    0.433844] hub 1-0:1.0: 10 ports detected
[    0.435398] xhci_hcd 0000:00:14.0: xHCI Host Controller
[    0.435401] xhci_hcd 0000:00:14.0: new USB bus registered, assigned bus number 2
[    0.435424] usb usb2: New USB device found, idVendor=1d6b, idProduct=0003
[    0.435425] usb usb2: New USB device strings: Mfr=3, Product=2, SerialNumber=1
[    0.435426] usb usb2: Product: xHCI Host Controller
[    0.435427] usb usb2: Manufacturer: Linux 3.19.0-25-generic xhci-hcd
[    0.435427] usb usb2: SerialNumber: 0000:00:14.0
[    0.435500] hub 2-0:1.0: USB hub found
[    0.435505] hub 2-0:1.0: 2 ports detected
[    0.435761] ehci_hcd: USB 2.0 'Enhanced' Host Controller (EHCI) Driver
[    0.435765] ehci-pci: EHCI PCI platform driver
[    0.435824] ehci-pci 0000:00:1a.0: EHCI Host Controller
[    0.435827] ehci-pci 0000:00:1a.0: new USB bus registered, assigned bus number 3
[    0.435836] ehci-pci 0000:00:1a.0: debug port 2
[    0.439736] ehci-pci 0000:00:1a.0: cache line size of 64 is not supported
[    0.439746] ehci-pci 0000:00:1a.0: irq 16, io mem 0xf7318000
[    0.450439] ehci-pci 0000:00:1a.0: USB 2.0 started, EHCI 1.00
[    0.450466] usb usb3: New USB device found, idVendor=1d6b, idProduct=0002
[    0.450467] usb usb3: New USB device strings: Mfr=3, Product=2, SerialNumber=1
[    0.450468] usb usb3: Product: EHCI Host Controller
[    0.450469] usb usb3: Manufacturer: Linux 3.19.0-25-generic ehci_hcd
[    0.450470] usb usb3: SerialNumber: 0000:00:1a.0
[    0.450550] hub 3-0:1.0: USB hub found
[    0.450553] hub 3-0:1.0: 2 ports detected
[    0.450677] ehci-pci 0000:00:1d.0: EHCI Host Controller
[    0.450681] ehci-pci 0000:00:1d.0: new USB bus registered, assigned bus number 4
[    0.450690] ehci-pci 0000:00:1d.0: debug port 2
[    0.454579] ehci-pci 0000:00:1d.0: cache line size of 64 is not supported
[    0.454587] ehci-pci 0000:00:1d.0: irq 23, io mem 0xf7317000
[    0.466451] ehci-pci 0000:00:1d.0: USB 2.0 started, EHCI 1.00
[    0.466475] usb usb4: New USB device found, idVendor=1d6b, idProduct=0002
[    0.466476] usb usb4: New USB device strings: Mfr=3, Product=2, SerialNumber=1
[    0.466477] usb usb4: Product: EHCI Host Controller
[    0.466478] usb usb4: Manufacturer: Linux 3.19.0-25-generic ehci_hcd
[    0.466479] usb usb4: SerialNumber: 0000:00:1d.0
[    0.466605] hub 4-0:1.0: USB hub found
[    0.466609] hub 4-0:1.0: 2 ports detected
[    0.466686] ehci-platform: EHCI generic platform driver
[    0.466693] ohci_hcd: USB 1.1 'Open' Host Controller (OHCI) Driver
[    0.466697] ohci-pci: OHCI PCI platform driver
[    0.466706] ohci-platform: OHCI generic platform driver
[    0.466712] uhci_hcd: USB Universal Host Controller Interface driver
[    0.466744] i8042: PNP: No PS/2 controller found. Probing ports directly.
[    0.467149] serio: i8042 KBD port at 0x60,0x64 irq 1
[    0.467152] serio: i8042 AUX port at 0x60,0x64 irq 12
[    0.467372] mousedev: PS/2 mouse device common for all mice
[    0.467657] rtc_cmos 00:02: RTC can wake from S4
[    0.467774] rtc_cmos 00:02: rtc core: registered rtc_cmos as rtc0
[    0.467800] rtc_cmos 00:02: alarms up to one month, y3k, 242 bytes nvram, hpet irqs
[    0.467811] i2c /dev entries driver
[    0.467850] device-mapper: uevent: version 1.0.3
[    0.467895] device-mapper: ioctl: 4.29.0-ioctl (2014-10-28) initialised: dm-devel@redhat.com
[    0.467903] Intel P-state driver initializing.
[    0.468004] Consider also installing thermald for improved thermal control.
[    0.468007] ledtrig-cpu: registered to indicate activity on CPUs
[    0.468178] PCCT header not found.
[    0.468179] ACPI PCC probe failed.
[    0.468310] TCP: cubic registered
[    0.468376] NET: Registered protocol family 10
[    0.468549] NET: Registered protocol family 17
[    0.468561] Key type dns_resolver registered
[    0.468844] Loading compiled-in X.509 certificates
[    0.469398] Loaded X.509 cert 'Magrathea: Glacier signing key: 6aaa11d18c2d3a40b1b4dbe5bf8ad656ddf51838'
[    0.469407] registered taskstats version 1
[    0.470786] Key type trusted registered
[    0.473149] Key type encrypted registered
[    0.473154] AppArmor: AppArmor sha1 policy hashing enabled
[    0.473157] ima: No TPM chip found, activating TPM-bypass!
[    0.473170] evm: HMAC attrs: 0x1
[    0.473648]   Magic number: 0:84:286
[    0.473663] ppp ppp: hash matches
[    0.473749] rtc_cmos 00:02: setting system clock to 2016-01-24 15:16:59 UTC (1453648619)
[    0.473883] BIOS EDD facility v0.16 2004-Jun-25, 0 devices found
[    0.473885] EDD information not available.
[    0.473936] PM: Hibernation image not present or could not be loaded.
[    0.474153] Freeing unused kernel memory: 1408K (ffffffff81d27000 - ffffffff81e87000)
[    0.474154] Write protecting the kernel read-only data: 12288k
[    0.474308] Freeing unused kernel memory: 260K (ffff8800017bf000 - ffff880001800000)
[    0.474373] Freeing unused kernel memory: 344K (ffff880001baa000 - ffff880001c00000)
[    0.481117] systemd-udevd[118]: starting version 204
[    0.495225] r8169 Gigabit Ethernet driver 2.3LK-NAPI loaded
[    0.495466] ahci 0000:00:1f.2: version 3.0
[    0.495587] ahci 0000:00:1f.2: AHCI 0001.0300 32 slots 4 ports 6 Gbps 0x11 impl SATA mode
[    0.495589] ahci 0000:00:1f.2: flags: 64bit ncq pm led clo pio slum part ems 
[    0.503705] r8169 0000:03:00.0 eth0: RTL8168g/8111g at 0xffffc90004e7c000, b0:83:fe:6e:09:00, XID 0c000800 IRQ 31
[    0.503708] r8169 0000:03:00.0 eth0: jumbo features [frames: 9200 bytes, tx checksumming: ko]
[    0.503785] scsi host0: ahci
[    0.503873] scsi host1: ahci
[    0.503942] scsi host2: ahci
[    0.504021] scsi host3: ahci
[    0.504124] scsi host4: ahci
[    0.504157] ata1: SATA max UDMA/133 abar m2048@0xf7316000 port 0xf7316100 irq 30
[    0.504158] ata2: DUMMY
[    0.504159] ata3: DUMMY
[    0.504160] ata4: DUMMY
[    0.504161] ata5: SATA max UDMA/133 abar m2048@0xf7316000 port 0xf7316300 irq 30
[    0.746760] usb 1-5: new low-speed USB device number 2 using xhci_hcd
[    0.762772] usb 3-1: new high-speed USB device number 2 using ehci-pci
[    0.778784] usb 4-1: new high-speed USB device number 2 using ehci-pci
[    0.822812] ata1: SATA link up 6.0 Gbps (SStatus 133 SControl 300)
[    0.822829] ata5: SATA link up 1.5 Gbps (SStatus 113 SControl 300)
[    0.823724] ata1.00: ATA-8: WDC WD5000AAKX-75U6AA0, 20.01H20, max UDMA/133
[    0.823727] ata1.00: 976773168 sectors, multi 16: LBA48 NCQ (depth 31/32), AA
[    0.824711] ata1.00: configured for UDMA/133
[    0.824842] scsi 0:0:0:0: Direct-Access     ATA      WDC WD5000AAKX-7 1H20 PQ: 0 ANSI: 5
[    0.825064] sd 0:0:0:0: [sda] 976773168 512-byte logical blocks: (500 GB/465 GiB)
[    0.825072] sd 0:0:0:0: Attached scsi generic sg0 type 0
[    0.825177] sd 0:0:0:0: [sda] Write Protect is off
[    0.825180] sd 0:0:0:0: [sda] Mode Sense: 00 3a 00 00
[    0.825273] sd 0:0:0:0: [sda] Write cache: enabled, read cache: enabled, doesn't support DPO or FUA
[    0.826347] ata5.00: ACPI cmd ef/10:06:00:00:00:00 (SET FEATURES) succeeded
[    0.826349] ata5.00: ACPI cmd f5/00:00:00:00:00:00 (SECURITY FREEZE LOCK) filtered out
[    0.826351] ata5.00: ACPI cmd b1/c1:00:00:00:00:00 (DEVICE CONFIGURATION OVERLAY) filtered out
[    0.828327] ata5.00: ATAPI: MATSHITA DVD+/-RW SW830, D.03, max UDMA/100
[    0.836196] ata5.00: ACPI cmd ef/10:06:00:00:00:00 (SET FEATURES) succeeded
[    0.836200] ata5.00: ACPI cmd f5/00:00:00:00:00:00 (SECURITY FREEZE LOCK) filtered out
[    0.836201] ata5.00: ACPI cmd b1/c1:00:00:00:00:00 (DEVICE CONFIGURATION OVERLAY) filtered out
[    0.840689] ata5.00: configured for UDMA/100
[    0.845342] scsi 4:0:0:0: CD-ROM            MATSHITA DVD+-RW SW830    D.03 PQ: 0 ANSI: 5
[    0.863059] sr 4:0:0:0: [sr0] scsi3-mmc drive: 48x/48x writer dvd-ram cd/rw xa/form2 cdda tray
[    0.863062] cdrom: Uniform CD-ROM driver Revision: 3.20
[    0.863200] sr 4:0:0:0: Attached scsi CD-ROM sr0
[    0.863283] sr 4:0:0:0: Attached scsi generic sg1 type 5
[    0.878265] usb 1-5: New USB device found, idVendor=04ca, idProduct=0061
[    0.878268] usb 1-5: New USB device strings: Mfr=1, Product=2, SerialNumber=0
[    0.878269] usb 1-5: Product: USB Optical Mouse
[    0.878270] usb 1-5: Manufacturer: PixArt
[    0.878397] usb 1-5: ep 0x81 - rounding interval to 64 microframes, ep desc says 80 microframes
[    0.880617] hidraw: raw HID events driver (C) Jiri Kosina
[    0.882982] usbcore: registered new interface driver usbhid
[    0.882983] usbhid: USB HID core driver
[    0.883922] input: PixArt USB Optical Mouse as /devices/pci0000:00/0000:00:14.0/usb1/1-5/1-5:1.0/0003:04CA:0061.0001/input/input5
[    0.884004] hid-generic 0003:04CA:0061.0001: input,hidraw0: USB HID v1.11 Mouse [PixArt USB Optical Mouse] on usb-0000:00:14.0-5/input0
[    0.895214] usb 3-1: New USB device found, idVendor=8087, idProduct=8008
[    0.895216] usb 3-1: New USB device strings: Mfr=0, Product=0, SerialNumber=0
[    0.895474] hub 3-1:1.0: USB hub found
[    0.895588] hub 3-1:1.0: 4 ports detected
[    0.911223] usb 4-1: New USB device found, idVendor=8087, idProduct=8000
[    0.911226] usb 4-1: New USB device strings: Mfr=0, Product=0, SerialNumber=0
[    0.911459] hub 4-1:1.0: USB hub found
[    0.911542] hub 4-1:1.0: 6 ports detected
[    0.939783]  sda: sda1 sda2 sda3 sda4 < sda5 sda6 sda7 sda8 >
[    0.940716] sd 0:0:0:0: [sda] Attached SCSI disk
[    0.990931] usb 1-6: new low-speed USB device number 3 using xhci_hcd
[    1.183921] usb 1-6: New USB device found, idVendor=413c, idProduct=2111
[    1.183935] usb 1-6: New USB device strings: Mfr=1, Product=2, SerialNumber=0
[    1.183936] usb 1-6: Product: Dell USB Wired Entry Keyboard
[    1.183937] usb 1-6: Manufacturer: Dell
[    1.184093] usb 1-6: ep 0x81 - rounding interval to 64 microframes, ep desc says 80 microframes
[    1.184096] usb 1-6: ep 0x82 - rounding interval to 64 microframes, ep desc says 80 microframes
[    1.188154] input: Dell Dell USB Wired Entry Keyboard as /devices/pci0000:00/0000:00:14.0/usb1/1-6/1-6:1.0/0003:413C:2111.0002/input/input6
[    1.243247] hid-generic 0003:413C:2111.0002: input,hidraw1: USB HID v1.10 Keyboard [Dell Dell USB Wired Entry Keyboard] on usb-0000:00:14.0-6/input0
[    1.247043] input: Dell Dell USB Wired Entry Keyboard as /devices/pci0000:00/0000:00:14.0/usb1/1-6/1-6:1.1/0003:413C:2111.0003/input/input7
[    1.299350] hid-generic 0003:413C:2111.0003: input,hidraw2: USB HID v1.10 Device [Dell Dell USB Wired Entry Keyboard] on usb-0000:00:14.0-6/input1
[    1.411270] usb 1-9: new high-speed USB device number 4 using xhci_hcd
[    1.427274] tsc: Refined TSC clocksource calibration: 3192.605 MHz
[    1.846749] usb 1-9: New USB device found, idVendor=0bda, idProduct=0158
[    1.846752] usb 1-9: New USB device strings: Mfr=1, Product=2, SerialNumber=3
[    1.846753] usb 1-9: Product: USB2.0-CRW
[    1.846755] usb 1-9: Manufacturer: Generic
[    1.846755] usb 1-9: SerialNumber: 20071114173400000
[    1.853754] usbcore: registered new interface driver usb-storage
[    1.854601] usbcore: registered new interface driver uas
[    1.855356] ums-realtek 1-9:1.0: USB Mass Storage device detected
[    1.865332] scsi host5: usb-storage 1-9:1.0
[    1.865377] usbcore: registered new interface driver ums-realtek
[    1.963744] usb 1-10: new full-speed USB device number 5 using xhci_hcd
[    2.093160] usb 1-10: New USB device found, idVendor=0cf3, idProduct=0036
[    2.093163] usb 1-10: New USB device strings: Mfr=0, Product=0, SerialNumber=0
[    2.094024] usb 1-9: USB disconnect, device number 4
[    2.428285] Switched to clocksource tsc
[    3.729786] random: nonblocking pool is initialized
[    5.311671] EXT4-fs (sda8): INFO: recovery required on readonly filesystem
[    5.311674] EXT4-fs (sda8): write access will be enabled during recovery
[    7.166490] EXT4-fs (sda8): orphan cleanup on readonly fs
[    7.166627] EXT4-fs (sda8): 20 orphan inodes deleted
[    7.166628] EXT4-fs (sda8): recovery complete
[    7.383083] EXT4-fs (sda8): mounted filesystem with ordered data mode. Opts: (null)
[   14.565528] Adding 8336380k swap on /dev/sda7.  Priority:-1 extents:1 across:8336380k FS
[   14.758397] systemd-udevd[310]: starting version 204
[   14.942362] lp: driver loaded but no devices found
[   14.945548] ppdev: user-space parallel port driver
[   14.997324] shpchp: Standard Hot Plug PCI Controller Driver version: 0.4
[   15.007656] [drm] Initialized drm 1.1.0 20060810
[   15.011658] wmi: Mapper loaded
[   15.026673] nouveau  [  DEVICE][0000:01:00.0] BOOT0  : 0x0d90c0a1
[   15.026676] nouveau  [  DEVICE][0000:01:00.0] Chipset: GF119 (NVD9)
[   15.026677] nouveau  [  DEVICE][0000:01:00.0] Family : NVC0
[   15.028583] Bluetooth: Core ver 2.20
[   15.028606] NET: Registered protocol family 31
[   15.028607] Bluetooth: HCI device and connection manager initialized
[   15.028610] Bluetooth: HCI socket layer initialized
[   15.028611] Bluetooth: L2CAP socket layer initialized
[   15.028615] Bluetooth: SCO socket layer initialized
[   15.029912] usbcore: registered new interface driver btusb
[   15.032699] cfg80211: Calling CRDA to update world regulatory domain
[   15.047783] ath: phy0: WB335 1-ANT card detected
[   15.047785] ath: phy0: Set BT/WLAN RX diversity capability
[   15.047817] AVX2 version of gcm_enc/dec engaged.
[   15.047818] AES CTR mode by8 optimization enabled
[   15.073360] ath: phy0: Enable LNA combining
[   15.075314] ath: phy0: ASPM enabled: 0x43
[   15.075316] ath: EEPROM regdomain: 0x60
[   15.075317] ath: EEPROM indicates we should expect a direct regpair map
[   15.075318] ath: Country alpha2 being used: 00
[   15.075319] ath: Regpair used: 0x60
[   15.081368] intel_rapl: Found RAPL domain package
[   15.081376] intel_rapl: Found RAPL domain core
[   15.081393] intel_rapl: Found RAPL domain dram
[   15.088504] ieee80211 phy0: Selected rate control algorithm 'minstrel_ht'
[   15.089744] audit: type=1400 audit(1453619834.100:2): apparmor="STATUS" operation="profile_load" profile="unconfined" name="/sbin/dhclient" pid=399 comm="apparmor_parser"
[   15.089748] audit: type=1400 audit(1453619834.100:3): apparmor="STATUS" operation="profile_load" profile="unconfined" name="/usr/lib/NetworkManager/nm-dhcp-client.action" pid=399 comm="apparmor_parser"
[   15.089750] audit: type=1400 audit(1453619834.100:4): apparmor="STATUS" operation="profile_load" profile="unconfined" name="/usr/lib/connman/scripts/dhclient-script" pid=399 comm="apparmor_parser"
[   15.089988] audit: type=1400 audit(1453619834.100:5): apparmor="STATUS" operation="profile_replace" profile="unconfined" name="/usr/lib/NetworkManager/nm-dhcp-client.action" pid=399 comm="apparmor_parser"
[   15.089991] audit: type=1400 audit(1453619834.100:6): apparmor="STATUS" operation="profile_replace" profile="unconfined" name="/usr/lib/connman/scripts/dhclient-script" pid=399 comm="apparmor_parser"
[   15.090115] audit: type=1400 audit(1453619834.100:7): apparmor="STATUS" operation="profile_replace" profile="unconfined" name="/usr/lib/connman/scripts/dhclient-script" pid=399 comm="apparmor_parser"
[   15.092528] ieee80211 phy0: Atheros AR9565 Rev:1 mem=0xffffc90005300000, irq=16
[   15.094740] audit: type=1400 audit(1453619834.108:8): apparmor="STATUS" operation="profile_replace" profile="unconfined" name="/sbin/dhclient" pid=406 comm="apparmor_parser"
[   15.094744] audit: type=1400 audit(1453619834.108:9): apparmor="STATUS" operation="profile_replace" profile="unconfined" name="/usr/lib/NetworkManager/nm-dhcp-client.action" pid=406 comm="apparmor_parser"
[   15.094746] audit: type=1400 audit(1453619834.108:10): apparmor="STATUS" operation="profile_replace" profile="unconfined" name="/usr/lib/connman/scripts/dhclient-script" pid=406 comm="apparmor_parser"
[   15.094981] audit: type=1400 audit(1453619834.108:11): apparmor="STATUS" operation="profile_replace" profile="unconfined" name="/usr/lib/NetworkManager/nm-dhcp-client.action" pid=406 comm="apparmor_parser"
[   15.186715] sound hdaudioC0D2: autoconfig: line_outs=1 (0x14/0x0/0x0/0x0/0x0) type:line
[   15.186716] sound hdaudioC0D2:    speaker_outs=0 (0x0/0x0/0x0/0x0/0x0)
[   15.186717] sound hdaudioC0D2:    hp_outs=1 (0x1b/0x0/0x0/0x0/0x0)
[   15.186717] sound hdaudioC0D2:    mono: mono_out=0x0
[   15.186718] sound hdaudioC0D2:    inputs:
[   15.186719] sound hdaudioC0D2:      Rear Mic=0x19
[   15.186720] sound hdaudioC0D2:      Front Mic=0x18
[   15.186720] sound hdaudioC0D2:      Line=0x1a
[   15.204165] input: HDA Intel PCH Rear Mic as /devices/pci0000:00/0000:00:1b.0/sound/card0/input8
[   15.204206] input: HDA Intel PCH Front Mic as /devices/pci0000:00/0000:00:1b.0/sound/card0/input9
[   15.204251] input: HDA Intel PCH Line as /devices/pci0000:00/0000:00:1b.0/sound/card0/input10
[   15.204333] input: HDA Intel PCH Line Out as /devices/pci0000:00/0000:00:1b.0/sound/card0/input11
[   15.204416] input: HDA Intel PCH Front Headphone as /devices/pci0000:00/0000:00:1b.0/sound/card0/input12
[   15.246081] dcdbas dcdbas: Dell Systems Management Base Driver (version 5.6.0-3.2)
[   15.249458] usbcore: registered new interface driver ath3k
[   15.250431] usb 1-10: USB disconnect, device number 5
[   15.250514] nouveau  [   VBIOS][0000:01:00.0] using image from PROM
[   15.250579] nouveau  [   VBIOS][0000:01:00.0] BIT signature found
[   15.250581] nouveau  [   VBIOS][0000:01:00.0] version 75.19.8b.00.02
[   15.258363] nouveau  [     PMC][0000:01:00.0] MSI interrupts enabled
[   15.258413] nouveau W[     PFB][0000:01:00.0][0x00000000][ffff8800d55f1800] reclocking of this ram type unsupported
[   15.258414] nouveau  [     PFB][0000:01:00.0] RAM type: DDR3
[   15.258414] nouveau  [     PFB][0000:01:00.0] RAM size: 1024 MiB
[   15.258415] nouveau  [     PFB][0000:01:00.0]    ZCOMP: 0 tags
[   15.264309] nouveau  [    VOLT][0000:01:00.0] GPU voltage: 900000uv
[   15.313962] nouveau  [  PTHERM][0000:01:00.0] FAN control: PWM
[   15.313991] nouveau  [  PTHERM][0000:01:00.0] fan management: automatic
[   15.314050] nouveau  [  PTHERM][0000:01:00.0] internal sensor: yes
[   15.314128] nouveau  [     CLK][0000:01:00.0] 07: core 270 MHz memory 405 MHz 
[   15.314130] nouveau  [     CLK][0000:01:00.0] 0f: core 873 MHz memory 825 MHz 
[   15.314288] nouveau  [     CLK][0000:01:00.0] --: core 270 MHz memory 405 MHz 
[   15.318389] [TTM] Zone  kernel: Available graphics memory: 4063102 kiB
[   15.318390] [TTM] Zone   dma32: Available graphics memory: 2097152 kiB
[   15.318391] [TTM] Initializing pool allocator
[   15.318403] [TTM] Initializing DMA pool allocator
[   15.318410] nouveau  [     DRM] VRAM: 1024 MiB
[   15.318411] nouveau  [     DRM] GART: 1048576 MiB
[   15.318418] nouveau  [     DRM] TMDS table version 2.0
[   15.318419] nouveau  [     DRM] DCB version 4.0
[   15.318420] nouveau  [     DRM] DCB outp 00: 02000300 00000000
[   15.318421] nouveau  [     DRM] DCB outp 01: 01000302 00020030
[   15.318422] nouveau  [     DRM] DCB outp 02: 02011362 00020010
[   15.318423] nouveau  [     DRM] DCB outp 03: 04022310 00000000
[   15.318424] nouveau  [     DRM] DCB conn 00: 00001030
[   15.318439] nouveau  [     DRM] DCB conn 01: 00002161
[   15.318440] nouveau  [     DRM] DCB conn 02: 00000200
[   15.319120] [drm] Supports vblank timestamp caching Rev 2 (21.10.2013).
[   15.319121] [drm] Driver supports precise vblank timestamp query.
[   15.325669] nouveau  [     DRM] MM: using COPY0 for buffer copies
[   15.338674] cfg80211: World regulatory domain updated:
[   15.338676] cfg80211:  DFS Master region: unset
[   15.338677] cfg80211:   (start_freq - end_freq @ bandwidth), (max_antenna_gain, max_eirp), (dfs_cac_time)
[   15.338678] cfg80211:   (2402000 KHz - 2472000 KHz @ 40000 KHz), (300 mBi, 2000 mBm), (N/A)
[   15.338679] cfg80211:   (2457000 KHz - 2482000 KHz @ 40000 KHz), (300 mBi, 2000 mBm), (N/A)
[   15.338680] cfg80211:   (2474000 KHz - 2494000 KHz @ 20000 KHz), (300 mBi, 2000 mBm), (N/A)
[   15.338681] cfg80211:   (5170000 KHz - 5250000 KHz @ 40000 KHz), (300 mBi, 2000 mBm), (N/A)
[   15.338682] cfg80211:   (5735000 KHz - 5835000 KHz @ 40000 KHz), (300 mBi, 2000 mBm), (N/A)
[   15.434482] nouveau  [     DRM] allocated 1920x1080 fb: 0x60000, bo ffff880036958c00
[   15.434536] fbcon: nouveaufb (fb0) is primary device
[   15.515300] Console: switching to colour frame buffer device 240x67
[   15.519101] nouveau 0000:01:00.0: fb0: nouveaufb frame buffer device
[   15.519102] nouveau 0000:01:00.0: registered panic notifier
[   15.522638] [drm] Initialized nouveau 1.2.1 20120801 for 0000:01:00.0 on minor 0
[   15.522743] snd_hda_intel 0000:01:00.1: Disabling MSI
[   15.522749] snd_hda_intel 0000:01:00.1: Handle VGA-switcheroo audio client
[   15.538616] usb 1-10: new full-speed USB device number 6 using xhci_hcd
[   15.667742] usb 1-10: New USB device found, idVendor=0cf3, idProduct=0036
[   15.667744] usb 1-10: New USB device strings: Mfr=0, Product=0, SerialNumber=0
[   15.911354] input: HDA NVidia HDMI/DP,pcm=3 as /devices/pci0000:00/0000:00:01.0/0000:01:00.1/sound/card1/input13
[   15.911446] input: HDA NVidia HDMI/DP,pcm=7 as /devices/pci0000:00/0000:00:01.0/0000:01:00.1/sound/card1/input14
[   17.715259] EXT4-fs (sda8): re-mounted. Opts: errors=remount-ro
[   17.760930] init: failsafe main process (649) killed by TERM signal
[   18.098136] Bluetooth: RFCOMM TTY layer initialized
[   18.098141] Bluetooth: RFCOMM socket layer initialized
[   18.098144] Bluetooth: RFCOMM ver 1.11
[   18.189410] Bluetooth: BNEP (Ethernet Emulation) ver 1.3
[   18.189413] Bluetooth: BNEP filters: protocol multicast
[   18.189416] Bluetooth: BNEP socket layer initialized
[   18.707747] init: cups main process (716) killed by HUP signal
[   18.707752] init: cups main process ended, respawning
[   19.500374] r8169 0000:03:00.0 eth0: link down
[   19.500405] IPv6: ADDRCONF(NETDEV_UP): eth0: link is not ready
[   19.514266] IPv6: ADDRCONF(NETDEV_UP): wlan0: link is not ready
[   21.012493] audit_printk_skb: 168 callbacks suppressed
[   21.012495] audit: type=1400 audit(1453619840.020:68): apparmor="STATUS" operation="profile_replace" profile="unconfined" name="/usr/sbin/cups-browsed" pid=1012 comm="apparmor_parser"
[   21.013688] audit: type=1400 audit(1453619840.020:69): apparmor="STATUS" operation="profile_replace" profile="unconfined" name="/usr/sbin/mysqld" pid=1013 comm="apparmor_parser"
[   21.483924] wlan0: authenticate with b0:48:7a:17:bd:10
[   21.503598] wlan0: send auth to b0:48:7a:17:bd:10 (try 1/3)
[   21.508309] wlan0: authenticated
[   21.511434] wlan0: associate with b0:48:7a:17:bd:10 (try 1/3)
[   21.515650] wlan0: RX AssocResp from b0:48:7a:17:bd:10 (capab=0x431 status=0 aid=2)
[   21.515739] wlan0: associated
[   21.515746] IPv6: ADDRCONF(NETDEV_CHANGE): wlan0: link becomes ready
[   21.515839] cfg80211: Calling CRDA for country: US
[   21.517385] ath: EEPROM regdomain: 0x8348
[   21.517387] ath: EEPROM indicates we should expect a country code
[   21.517388] ath: doing EEPROM country->regdmn map search
[   21.517388] ath: country maps to regdmn code: 0x3a
[   21.517389] ath: Country alpha2 being used: US
[   21.517390] ath: Regpair used: 0x3a
[   21.517391] ath: regdomain 0x8348 dynamically updated by country IE
[   21.517409] cfg80211: Regulatory domain changed to country: US
[   21.517410] cfg80211:  DFS Master region: unset
[   21.517411] cfg80211:   (start_freq - end_freq @ bandwidth), (max_antenna_gain, max_eirp), (dfs_cac_time)
[   21.517412] cfg80211:   (2402000 KHz - 2472000 KHz @ 40000 KHz), (300 mBi, 2700 mBm), (N/A)
[   21.517413] cfg80211:   (5170000 KHz - 5250000 KHz @ 40000 KHz), (300 mBi, 1700 mBm), (N/A)
[   21.517414] cfg80211:   (5250000 KHz - 5330000 KHz @ 40000 KHz), (300 mBi, 2000 mBm), (0 s)
[   21.517415] cfg80211:   (5490000 KHz - 5600000 KHz @ 40000 KHz), (300 mBi, 2000 mBm), (0 s)
[   21.517416] cfg80211:   (5650000 KHz - 5710000 KHz @ 40000 KHz), (300 mBi, 2000 mBm), (0 s)
[   21.517417] cfg80211:   (5735000 KHz - 5835000 KHz @ 40000 KHz), (300 mBi, 3000 mBm), (N/A)
[   21.517418] cfg80211:   (57240000 KHz - 63720000 KHz @ 2160000 KHz), (N/A, 4000 mBm), (N/A)
[   21.676829] wlan0: deauthenticating from b0:48:7a:17:bd:10 by local choice (Reason: 2=PREV_AUTH_NOT_VALID)
[   21.683944] cfg80211: Calling CRDA to update world regulatory domain
[   21.684022] wlan0: authenticate with b0:48:7a:17:bd:10
[   21.696420] wlan0: send auth to b0:48:7a:17:bd:10 (try 1/3)
[   21.696543] cfg80211: World regulatory domain updated:
[   21.696546] cfg80211:  DFS Master region: unset
[   21.696547] cfg80211:   (start_freq - end_freq @ bandwidth), (max_antenna_gain, max_eirp), (dfs_cac_time)
[   21.696548] cfg80211:   (2402000 KHz - 2472000 KHz @ 40000 KHz), (300 mBi, 2000 mBm), (N/A)
[   21.696550] cfg80211:   (2457000 KHz - 2482000 KHz @ 40000 KHz), (300 mBi, 2000 mBm), (N/A)
[   21.696550] cfg80211:   (2474000 KHz - 2494000 KHz @ 20000 KHz), (300 mBi, 2000 mBm), (N/A)
[   21.696551] cfg80211:   (5170000 KHz - 5250000 KHz @ 40000 KHz), (300 mBi, 2000 mBm), (N/A)
[   21.696552] cfg80211:   (5735000 KHz - 5835000 KHz @ 40000 KHz), (300 mBi, 2000 mBm), (N/A)
[   21.698940] wlan0: authenticated
[   21.699572] wlan0: associate with b0:48:7a:17:bd:10 (try 1/3)
[   21.703826] wlan0: RX AssocResp from b0:48:7a:17:bd:10 (capab=0x431 status=0 aid=2)
[   21.703914] wlan0: associated
[   21.703946] cfg80211: Calling CRDA for country: US
[   21.705317] ath: EEPROM regdomain: 0x8348
[   21.705318] ath: EEPROM indicates we should expect a country code
[   21.705319] ath: doing EEPROM country->regdmn map search
[   21.705320] ath: country maps to regdmn code: 0x3a
[   21.705321] ath: Country alpha2 being used: US
[   21.705321] ath: Regpair used: 0x3a
[   21.705322] ath: regdomain 0x8348 dynamically updated by country IE
[   21.705341] cfg80211: Regulatory domain changed to country: US
[   21.705341] cfg80211:  DFS Master region: unset
[   21.705342] cfg80211:   (start_freq - end_freq @ bandwidth), (max_antenna_gain, max_eirp), (dfs_cac_time)
[   21.705344] cfg80211:   (2402000 KHz - 2472000 KHz @ 40000 KHz), (300 mBi, 2700 mBm), (N/A)
[   21.705345] cfg80211:   (5170000 KHz - 5250000 KHz @ 40000 KHz), (300 mBi, 1700 mBm), (N/A)
[   21.705346] cfg80211:   (5250000 KHz - 5330000 KHz @ 40000 KHz), (300 mBi, 2000 mBm), (0 s)
[   21.705346] cfg80211:   (5490000 KHz - 5600000 KHz @ 40000 KHz), (300 mBi, 2000 mBm), (0 s)
[   21.705347] cfg80211:   (5650000 KHz - 5710000 KHz @ 40000 KHz), (300 mBi, 2000 mBm), (0 s)
[   21.705348] cfg80211:   (5735000 KHz - 5835000 KHz @ 40000 KHz), (300 mBi, 3000 mBm), (N/A)
[   21.705349] cfg80211:   (57240000 KHz - 63720000 KHz @ 2160000 KHz), (N/A, 4000 mBm), (N/A)
[   27.113524] init: plymouth-upstart-bridge main process ended, respawning
[   27.116461] init: plymouth-upstart-bridge main process (1496) terminated with status 1
[   27.116467] init: plymouth-upstart-bridge main process ended, respawning
[   28.236449] init: plymouth-stop pre-start process (1571) terminated with status 1
[   48.297103] audit: type=1400 audit(1453619864.319:70): apparmor="STATUS" operation="profile_replace" profile="unconfined" name="/usr/lib/cups/backend/cups-pdf" pid=2335 comm="apparmor_parser"
[   48.297109] audit: type=1400 audit(1453619864.319:71): apparmor="STATUS" operation="profile_replace" profile="unconfined" name="/usr/sbin/cupsd" pid=2335 comm="apparmor_parser"
[   48.297331] audit: type=1400 audit(1453619864.319:72): apparmor="STATUS" operation="profile_replace" profile="unconfined" name="/usr/sbin/cupsd" pid=2335 comm="apparmor_parser"
[   85.962772] armor_module: module verification failed: signature and/or  required key missing - tainting kernel
[   85.976343] jmp_src @ ffffffff810842e0:
[   85.976345] 0f 1f 44 00 00 55 48 89 e5 53 48 83 ec 18 85 ff 
[   85.976350] [intercept.c] inserting relative jump ffffffff810842e0 --> ffffffffc0c4299f
[   85.976351] jmp_src @ ffffffff810842e0:
[   85.976352] e9 ba e6 bb 3f 55 48 89 e5 53 48 83 ec 18 85 ff 
[   85.976356] jmp_back_src @ ffffffffc0c429b5:
[   85.976356] 90 90 90 90 90 48 83 f8 09 74 2f 48 83 f8 0a 0f 
[   85.976360] [intercept.c] inserting relative jump ffffffffc0c429b5 --> ffffffff810842e5
[   85.976361] jmp_back_src @ ffffffffc0c429b5:
[   85.976361] e9 2b 19 44 c0 48 83 f8 09 74 2f 48 83 f8 0a 0f 
[   85.989825] page fault: addr_dft_page_fault=0xffffffff817b87c0
[   85.989826] page fault: addr_dft_do_page_fault=0xffffffff81062280
[   85.989827] page fault: addr_pv_irq_ops=0xffffffff81c31ac0
[   85.989828] page fault: addr_error_entry=0xffffffff817b8980
[   85.989828] page fault: addr_error_exit=0xffffffff817b8a30
[   85.989829] page fault handler: alloc a page to store new idt table.
[   85.989830] page fault handler: load the new idt table.
[   85.989831] page fault handler: new idt table loaded.
[   85.989851] page fault handler: all CPUs have loaded the new idt table.
[   85.989852] Armor module initialized
[   92.583838] armor-module is being opened
[   92.596481] Waiting for target to start...
[  110.800055] armor-module is being opened
[  110.800063] A:0:0: ARMOR_COPY
[  110.800082] A:0:0: ARMOR_INIT
[  110.800085] Getting offsets
[  110.800097] Copying to user
[  110.800134] Waiting for library instrumentation to finish...
[  110.800224] A:2:0: Enabling LBR
[  110.800242] A:1:0: 
[  110.800244] A:3:0: Enabling LBR
[  110.800246] Enabling LBR
[  110.800252] A:0:0: Enabling LBR
[  110.800256] A:0:0: ARMOR_INIT, start: 400000
[  110.800257] A:0:0: ARMOR_INIT, end  : 4007c4
[  110.800258] A:0:0: copied!
[  110.800333] change 400000 page nx
[  110.800334] ------------[ cut here ]------------
[  110.800339] WARNING: CPU: 0 PID: 2728 at /build/linux-lts-vivid-whAhIw/linux-lts-vivid-3.19.0/arch/x86/mm/pageattr.c:1379 change_page_attr_set_clr+0x2d8/0x490()
[  110.800340] Modules linked in: md4 armor_module(OE) ctr ccm bnep rfcomm binfmt_misc snd_hda_codec_hdmi joydev dcdbas snd_hda_codec_realtek snd_hda_codec_generic snd_hda_intel snd_hda_controller snd_hda_codec snd_hwdep snd_pcm snd_seq_midi snd_seq_midi_event snd_rawmidi snd_seq snd_seq_device i8k snd_timer arc4 intel_rapl iosf_mbi x86_pkg_temp_thermal intel_powerclamp coretemp kvm_intel kvm crct10dif_pclmul crc32_pclmul ghash_clmulni_intel aesni_intel ath9k ath9k_common aes_x86_64 lrw gf128mul ath9k_hw glue_helper ablk_helper cryptd ath mac80211 serio_raw ath3k cfg80211 snd btusb bluetooth lpc_ich nouveau mei_me mei mxm_wmi wmi ttm drm_kms_helper drm soundcore i2c_algo_bit video shpchp mac_hid parport_pc ppdev lp parport ums_realtek uas usb_storage hid_generic usbhid hid psmouse ahci r8169 libahci mii
[  110.800376] CPU: 0 PID: 2728 Comm: test Tainted: G           OE  3.19.0-25-generic #26~14.04.1-Ubuntu
[  110.800377] Hardware name: Dell Inc. Inspiron 3847/088DT1       , BIOS A04 04/03/2014
[  110.800378]  ffffffff81a8de20 ffff8801f5397cd8 ffffffff817aed00 0000000000000000
[  110.800379]  0000000000000000 ffff8801f5397d18 ffffffff81074d8a 0000000000000000
[  110.800381]  ffff8801f5397df0 0000000000400000 8000000000000000 ffff8801f5397d68
[  110.800382] Call Trace:
[  110.800387]  [<ffffffff817aed00>] dump_stack+0x45/0x57
[  110.800390]  [<ffffffff81074d8a>] warn_slowpath_common+0x8a/0xc0
[  110.800400]  [<ffffffff81074e7a>] warn_slowpath_null+0x1a/0x20
[  110.800402]  [<ffffffff81064ec8>] change_page_attr_set_clr+0x2d8/0x490
[  110.800403]  [<ffffffff81065743>] set_memory_nx+0x43/0x50
[  110.800406]  [<ffffffffc0c4236b>] make_nx+0x1b/0x40 [armor_module]
[  110.800408]  [<ffffffffc0c42474>] mark_all_pages_nx+0x64/0x90 [armor_module]
[  110.800410]  [<ffffffffc0c40d7f>] armor_ioctl+0x6df/0xcf0 [armor_module]
[  110.800412]  [<ffffffff811ffa58>] do_vfs_ioctl+0x2f8/0x510
[  110.800414]  [<ffffffff817b1e0b>] ? __schedule+0x37b/0x830
[  110.800415]  [<ffffffff811ffcf1>] SyS_ioctl+0x81/0xa0
[  110.800418]  [<ffffffff817b668d>] system_call_fastpath+0x16/0x1b
[  110.800419] ---[ end trace 6f4a6dbcc511c5ee ]---
[  110.800423] change 400008 page nx
[  110.800434] change 400010 page nx
[  110.800437] change 400018 page nx
[  110.800440] change 400020 page nx
[  110.800443] change 400028 page nx
[  110.800446] change 400030 page nx
[  110.800448] change 400038 page nx
[  110.800451] change 400040 page nx
[  110.800454] change 400048 page nx
[  110.800457] change 400050 page nx
[  110.800460] change 400058 page nx
[  110.800463] change 400060 page nx
[  110.800466] change 400068 page nx
[  110.800469] change 400070 page nx
[  110.800472] change 400078 page nx
[  110.800475] change 400080 page nx
[  110.800478] change 400088 page nx
[  110.800481] change 400090 page nx
[  110.800484] change 400098 page nx
[  110.800487] change 4000a0 page nx
[  110.800490] change 4000a8 page nx
[  110.800492] change 4000b0 page nx
[  110.800495] change 4000b8 page nx
[  110.800498] change 4000c0 page nx
[  110.800501] change 4000c8 page nx
[  110.800504] change 4000d0 page nx
[  110.800507] change 4000d8 page nx
[  110.800510] change 4000e0 page nx
[  110.800513] change 4000e8 page nx
[  110.800516] change 4000f0 page nx
[  110.800519] change 4000f8 page nx
[  110.800522] change 400100 page nx
[  110.800525] change 400108 page nx
[  110.800528] change 400110 page nx
[  110.800531] change 400118 page nx
[  110.800534] change 400120 page nx
[  110.800536] change 400128 page nx
[  110.800539] change 400130 page nx
[  110.800542] change 400138 page nx
[  110.800545] change 400140 page nx
[  110.800548] change 400148 page nx
[  110.800551] change 400150 page nx
[  110.800554] change 400158 page nx
[  110.800557] change 400160 page nx
[  110.800560] change 400168 page nx
[  110.800563] change 400170 page nx
[  110.800566] change 400178 page nx
[  110.800569] change 400180 page nx
[  110.800572] change 400188 page nx
[  110.800575] change 400190 page nx
[  110.800578] change 400198 page nx
[  110.800581] change 4001a0 page nx
[  110.800584] change 4001a8 page nx
[  110.800586] change 4001b0 page nx
[  110.800589] change 4001b8 page nx
[  110.800592] change 4001c0 page nx
[  110.800595] change 4001c8 page nx
[  110.800598] change 4001d0 page nx
[  110.800601] change 4001d8 page nx
[  110.800604] change 4001e0 page nx
[  110.800607] change 4001e8 page nx
[  110.800610] change 4001f0 page nx
[  110.800613] change 4001f8 page nx
[  110.800616] change 400200 page nx
[  110.800619] change 400208 page nx
[  110.800622] change 400210 page nx
[  110.800625] change 400218 page nx
[  110.800628] change 400220 page nx
[  110.800631] change 400228 page nx
[  110.800634] change 400230 page nx
[  110.800636] change 400238 page nx
[  110.800639] change 400240 page nx
[  110.800642] change 400248 page nx
[  110.800645] change 400250 page nx
[  110.800648] change 400258 page nx
[  110.800651] change 400260 page nx
[  110.800654] change 400268 page nx
[  110.800657] change 400270 page nx
[  110.800660] change 400278 page nx
[  110.800663] change 400280 page nx
[  110.800666] change 400288 page nx
[  110.800669] change 400290 page nx
[  110.800672] change 400298 page nx
[  110.800675] change 4002a0 page nx
[  110.800678] change 4002a8 page nx
[  110.800681] change 4002b0 page nx
[  110.800683] change 4002b8 page nx
[  110.800686] change 4002c0 page nx
[  110.800689] change 4002c8 page nx
[  110.800692] change 4002d0 page nx
[  110.800695] change 4002d8 page nx
[  110.800698] change 4002e0 page nx
[  110.800701] change 4002e8 page nx
[  110.800704] change 4002f0 page nx
[  110.800707] change 4002f8 page nx
[  110.800710] change 400300 page nx
[  110.800713] change 400308 page nx
[  110.800716] change 400310 page nx
[  110.800719] change 400318 page nx
[  110.800722] change 400320 page nx
[  110.800725] change 400328 page nx
[  110.800728] change 400330 page nx
[  110.800730] change 400338 page nx
[  110.800733] change 400340 page nx
[  110.800736] change 400348 page nx
[  110.800739] change 400350 page nx
[  110.800742] change 400358 page nx
[  110.800745] change 400360 page nx
[  110.800748] change 400368 page nx
[  110.800751] change 400370 page nx
[  110.800754] change 400378 page nx
[  110.800757] change 400380 page nx
[  110.800760] change 400388 page nx
[  110.800763] change 400390 page nx
[  110.800766] change 400398 page nx
[  110.800769] change 4003a0 page nx
[  110.800772] change 4003a8 page nx
[  110.800774] change 4003b0 page nx
[  110.800777] change 4003b8 page nx
[  110.800780] change 4003c0 page nx
[  110.800783] change 4003c8 page nx
[  110.800786] change 4003d0 page nx
[  110.800789] change 4003d8 page nx
[  110.800792] change 4003e0 page nx
[  110.800795] change 4003e8 page nx
[  110.800798] change 4003f0 page nx
[  110.800801] change 4003f8 page nx
[  110.800804] change 400400 page nx
[  110.800807] change 400408 page nx
[  110.800810] change 400410 page nx
[  110.800813] change 400418 page nx
[  110.800816] change 400420 page nx
[  110.800818] change 400428 page nx
[  110.800821] change 400430 page nx
[  110.800824] change 400438 page nx
[  110.800827] change 400440 page nx
[  110.800830] change 400448 page nx
[  110.800833] change 400450 page nx
[  110.800836] change 400458 page nx
[  110.800839] change 400460 page nx
[  110.800842] change 400468 page nx
[  110.800845] change 400470 page nx
[  110.800848] change 400478 page nx
[  110.800851] change 400480 page nx
[  110.800854] change 400488 page nx
[  110.800857] change 400490 page nx
[  110.800860] change 400498 page nx
[  110.800863] change 4004a0 page nx
[  110.800865] change 4004a8 page nx
[  110.800868] change 4004b0 page nx
[  110.800871] change 4004b8 page nx
[  110.800874] change 4004c0 page nx
[  110.800877] change 4004c8 page nx
[  110.800880] change 4004d0 page nx
[  110.800883] change 4004d8 page nx
[  110.800886] change 4004e0 page nx
[  110.800889] change 4004e8 page nx
[  110.800892] change 4004f0 page nx
[  110.800895] change 4004f8 page nx
[  110.800898] change 400500 page nx
[  110.800901] change 400508 page nx
[  110.800904] change 400510 page nx
[  110.800907] change 400518 page nx
[  110.800910] change 400520 page nx
[  110.800912] change 400528 page nx
[  110.800915] change 400530 page nx
[  110.800918] change 400538 page nx
[  110.800921] change 400540 page nx
[  110.800924] change 400548 page nx
[  110.800927] change 400550 page nx
[  110.800930] change 400558 page nx
[  110.800933] change 400560 page nx
[  110.800936] change 400568 page nx
[  110.800939] change 400570 page nx
[  110.800942] change 400578 page nx
[  110.800945] change 400580 page nx
[  110.800948] change 400588 page nx
[  110.800951] change 400590 page nx
[  110.800954] change 400598 page nx
[  110.800957] change 4005a0 page nx
[  110.800960] change 4005a8 page nx
[  110.800962] change 4005b0 page nx
[  110.800965] change 4005b8 page nx
[  110.800968] change 4005c0 page nx
[  110.800971] change 4005c8 page nx
[  110.800974] change 4005d0 page nx
[  110.800977] change 4005d8 page nx
[  110.800980] change 4005e0 page nx
[  110.800983] change 4005e8 page nx
[  110.800986] change 4005f0 page nx
[  110.800989] change 4005f8 page nx
[  110.800992] change 400600 page nx
[  110.800995] change 400608 page nx
[  110.800998] change 400610 page nx
[  110.801001] change 400618 page nx
[  110.801004] change 400620 page nx
[  110.801007] change 400628 page nx
[  110.801010] change 400630 page nx
[  110.801012] change 400638 page nx
[  110.801015] change 400640 page nx
[  110.801018] change 400648 page nx
[  110.801021] change 400650 page nx
[  110.801024] change 400658 page nx
[  110.801027] change 400660 page nx
[  110.801030] change 400668 page nx
[  110.801033] change 400670 page nx
[  110.801036] change 400678 page nx
[  110.801039] change 400680 page nx
[  110.801042] change 400688 page nx
[  110.801045] change 400690 page nx
[  110.801048] change 400698 page nx
[  110.801051] change 4006a0 page nx
[  110.801054] change 4006a8 page nx
[  110.801057] change 4006b0 page nx
[  110.801060] change 4006b8 page nx
[  110.801063] change 4006c0 page nx
[  110.801066] change 4006c8 page nx
[  110.801069] change 4006d0 page nx
[  110.801072] change 4006d8 page nx
[  110.801074] change 4006e0 page nx
[  110.801077] change 4006e8 page nx
[  110.801080] change 4006f0 page nx
[  110.801083] change 4006f8 page nx
[  110.801086] change 400700 page nx
[  110.801089] change 400708 page nx
[  110.801092] change 400710 page nx
[  110.801095] change 400718 page nx
[  110.801098] change 400720 page nx
[  110.801101] change 400728 page nx
[  110.801104] change 400730 page nx
[  110.801107] change 400738 page nx
[  110.801110] change 400740 page nx
[  110.801113] change 400748 page nx
[  110.801116] change 400750 page nx
[  110.801119] change 400758 page nx
[  110.801122] change 400760 page nx
[  110.801125] change 400768 page nx
[  110.801128] change 400770 page nx
[  110.801130] change 400778 page nx
[  110.801133] change 400780 page nx
[  110.801136] change 400788 page nx
[  110.801139] change 400790 page nx
[  110.801142] change 400798 page nx
[  110.801145] change 4007a0 page nx
[  110.801148] change 4007a8 page nx
[  110.801151] change 4007b0 page nx
[  110.801154] change 4007b8 page nx
[  110.801157] change 4007c0 page nx
[  110.801158] make all pages nx, test
[  111.416775] armor-module is being opened
[  111.416784] Got a PLT - GOT table:
[  111.416785] 0000000000400410: 00007f7327b6c400
[  111.416786] 0000000000400420: 00007f73291714fe
[  111.416787] 0000000000400430:           (null)
[  111.416792] Copying PLT-GOT meta data
[  111.416793] Got a exit points table
[  111.416806] Copying PLT data
[  111.416807] Copying GOT data
[  111.416814] Waiting for exit points to become ready...
[  111.416814] Copying simples
[  111.416816] Copying exitpoints
[  111.416819] A:3:0: GET_JIT - JIT analyzer is waiting for work now
[  157.314056] A:0:0: GET_JIT: INTERRUPTED!
[  157.314168] di-opt[2604]: segfault at f78fc20 ip 00007f7977c1461d sp 00007fff219322d8 error 6 in libc-2.19.so[7f7977b88000+1bb000]
[  170.735981] A:2:0: BYE BYE! - do_exit for task @ 0xffff8800c639ebf0
[  170.735986] A:2:0: EXIT. locking lib mutex
[  170.735987] A:2:0: EXIT. locking cbk mutex
[  170.735989] A:2:0: EXIT. locking sig mutex
[  170.735990] A:2:0: EXIT done
[  170.736112] Some statistics:
[  170.736114] Signal handlers entered: 0
[  170.736114] Signal returns:          0
[  170.736115] Library calls:    5058703
[  170.736115] Library returns:  5058702
[  170.736116] Callback calls:   0
[  170.736116] Callback returns: 0
[  170.736117] 
[  170.736117] Number of newly created tasks: 0
[  170.736118] Number of exited tasks:        1
[  170.736118] 
[  170.736119] System calls to execve:    0
[  170.736119] System calls to read:    0
[  170.736120] System calls to write:    0
[  170.736120] System calls to mmap:      0     (only PROT_EXEC: 0)
[  170.736121] System calls to mprotect:  0     (only PROT_EXEC: 0)
[  170.736122] System calls to sigaction: 0
[  170.736122] System calls total:        0
[  170.736123] 
[  170.736123] Context switches (sched-out): 8909910
[  170.736124] Context switches (sched-in):  8909910
[  170.736124] 
[  170.736125] Number of digests computed: 0
[  170.736125] LBR JIT lookups:     0
[  170.736126] LBR JIT cache hits:  0
[  170.736126] LBR JIT hits:        0
[  170.736127] LBR JIT misses:      0
[  170.736127] LBR JIT unsupported: 0
[  170.736128] LBR JIT timeouts:    0
[  170.736128] LBR JIT sec:         0
[  170.736128] LBR JIT usec:        0
[  170.736129] armor-module is now closed
[  442.350241] jmp_src @ ffffffff810842e0:
[  442.350246] 90 90 90 90 90 55 48 89 e5 53 48 83 ec 18 85 ff 
[  442.350258] [intercept.c] inserting relative jump ffffffff810842e0 --> ffffffffc0f379bf
[  442.350262] jmp_src @ ffffffff810842e0:
[  442.350264] e9 da 36 eb 3f 55 48 89 e5 53 48 83 ec 18 85 ff 
[  442.350274] jmp_back_src @ ffffffffc0f379d5:
[  442.350275] 90 90 90 90 90 48 83 f8 09 74 2f 48 83 f8 0a 0f 
[  442.350285] [intercept.c] inserting relative jump ffffffffc0f379d5 --> ffffffff810842e5
[  442.350288] jmp_back_src @ ffffffffc0f379d5:
[  442.350289] e9 0b c9 14 c0 48 83 f8 09 74 2f 48 83 f8 0a 0f 
[  442.375943] page fault: addr_dft_page_fault=0xffffffff817b87c0
[  442.375946] page fault: addr_dft_do_page_fault=0xffffffff81062280
[  442.375947] page fault: addr_pv_irq_ops=0xffffffff81c31ac0
[  442.375948] page fault: addr_error_entry=0xffffffff817b8980
[  442.375949] page fault: addr_error_exit=0xffffffff817b8a30
[  442.375950] page fault handler: alloc a page to store new idt table.
[  442.375953] page fault handler: load the new idt table.
[  442.375954] page fault handler: new idt table loaded.
[  442.375974] page fault handler: all CPUs have loaded the new idt table.
[  442.375975] Armor module initialized
[  474.625133] armor-module is being opened
[  474.625142] Waiting for target to start...
[  487.707875] armor-module is being opened
[  487.707883] A:3:0: ARMOR_COPY
[  487.707902] A:3:0: ARMOR_INIT
[  487.707907] Getting offsets
[  487.707922] Copying to user
[  487.707966] Waiting for library instrumentation to finish...
[  487.708071] A:2:0: 
[  487.708072] A:1:0: 
[  487.708072] A:0:0: 
[  487.708072] Enabling LBR
[  487.708074] Enabling LBR
[  487.708075] Enabling LBR
[  487.708079] A:3:0: Enabling LBR
[  487.708083] A:3:0: ARMOR_INIT, start: 400000
[  487.708088] A:3:0: ARMOR_INIT, end  : 4007c4
[  487.708090] A:3:0: copied!
[  487.708136] change 400000 page nx
[  487.708140] change 400008 page nx
[  487.708143] change 400010 page nx
[  487.708146] change 400018 page nx
[  487.708149] change 400020 page nx
[  487.708152] change 400028 page nx
[  487.708155] change 400030 page nx
[  487.708158] change 400038 page nx
[  487.708161] change 400040 page nx
[  487.708164] change 400048 page nx
[  487.708167] change 400050 page nx
[  487.708170] change 400058 page nx
[  487.708173] change 400060 page nx
[  487.708176] change 400068 page nx
[  487.708179] change 400070 page nx
[  487.708182] change 400078 page nx
[  487.708185] change 400080 page nx
[  487.708188] change 400088 page nx
[  487.708191] change 400090 page nx
[  487.708194] change 400098 page nx
[  487.708197] change 4000a0 page nx
[  487.708200] change 4000a8 page nx
[  487.708203] change 4000b0 page nx
[  487.708206] change 4000b8 page nx
[  487.708209] change 4000c0 page nx
[  487.708212] change 4000c8 page nx
[  487.708215] change 4000d0 page nx
[  487.708218] change 4000d8 page nx
[  487.708221] change 4000e0 page nx
[  487.708224] change 4000e8 page nx
[  487.708227] change 4000f0 page nx
[  487.708230] change 4000f8 page nx
[  487.708233] change 400100 page nx
[  487.708236] change 400108 page nx
[  487.708239] change 400110 page nx
[  487.708242] change 400118 page nx
[  487.708245] change 400120 page nx
[  487.708248] change 400128 page nx
[  487.708251] change 400130 page nx
[  487.708254] change 400138 page nx
[  487.708257] change 400140 page nx
[  487.708260] change 400148 page nx
[  487.708263] change 400150 page nx
[  487.708266] change 400158 page nx
[  487.708269] change 400160 page nx
[  487.708272] change 400168 page nx
[  487.708275] change 400170 page nx
[  487.708278] change 400178 page nx
[  487.708281] change 400180 page nx
[  487.708284] change 400188 page nx
[  487.708287] change 400190 page nx
[  487.708290] change 400198 page nx
[  487.708293] change 4001a0 page nx
[  487.708296] change 4001a8 page nx
[  487.708299] change 4001b0 page nx
[  487.708302] change 4001b8 page nx
[  487.708305] change 4001c0 page nx
[  487.708308] change 4001c8 page nx
[  487.708311] change 4001d0 page nx
[  487.708314] change 4001d8 page nx
[  487.708317] change 4001e0 page nx
[  487.708320] change 4001e8 page nx
[  487.708323] change 4001f0 page nx
[  487.708326] change 4001f8 page nx
[  487.708329] change 400200 page nx
[  487.708332] change 400208 page nx
[  487.708335] change 400210 page nx
[  487.708338] change 400218 page nx
[  487.708341] change 400220 page nx
[  487.708344] change 400228 page nx
[  487.708347] change 400230 page nx
[  487.708350] change 400238 page nx
[  487.708353] change 400240 page nx
[  487.708356] change 400248 page nx
[  487.708359] change 400250 page nx
[  487.708362] change 400258 page nx
[  487.708365] change 400260 page nx
[  487.708368] change 400268 page nx
[  487.708371] change 400270 page nx
[  487.708374] change 400278 page nx
[  487.708377] change 400280 page nx
[  487.708380] change 400288 page nx
[  487.708383] change 400290 page nx
[  487.708386] change 400298 page nx
[  487.708389] change 4002a0 page nx
[  487.708392] change 4002a8 page nx
[  487.708395] change 4002b0 page nx
[  487.708398] change 4002b8 page nx
[  487.708401] change 4002c0 page nx
[  487.708404] change 4002c8 page nx
[  487.708407] change 4002d0 page nx
[  487.708410] change 4002d8 page nx
[  487.708413] change 4002e0 page nx
[  487.708416] change 4002e8 page nx
[  487.708419] change 4002f0 page nx
[  487.708422] change 4002f8 page nx
[  487.708425] change 400300 page nx
[  487.708428] change 400308 page nx
[  487.708431] change 400310 page nx
[  487.708434] change 400318 page nx
[  487.708437] change 400320 page nx
[  487.708440] change 400328 page nx
[  487.708443] change 400330 page nx
[  487.708446] change 400338 page nx
[  487.708449] change 400340 page nx
[  487.708452] change 400348 page nx
[  487.708455] change 400350 page nx
[  487.708458] change 400358 page nx
[  487.708461] change 400360 page nx
[  487.708464] change 400368 page nx
[  487.708467] change 400370 page nx
[  487.708470] change 400378 page nx
[  487.708473] change 400380 page nx
[  487.708476] change 400388 page nx
[  487.708479] change 400390 page nx
[  487.708482] change 400398 page nx
[  487.708485] change 4003a0 page nx
[  487.708488] change 4003a8 page nx
[  487.708491] change 4003b0 page nx
[  487.708494] change 4003b8 page nx
[  487.708497] change 4003c0 page nx
[  487.708500] change 4003c8 page nx
[  487.708503] change 4003d0 page nx
[  487.708506] change 4003d8 page nx
[  487.708509] change 4003e0 page nx
[  487.708512] change 4003e8 page nx
[  487.708515] change 4003f0 page nx
[  487.708518] change 4003f8 page nx
[  487.708521] change 400400 page nx
[  487.708524] change 400408 page nx
[  487.708527] change 400410 page nx
[  487.708530] change 400418 page nx
[  487.708533] change 400420 page nx
[  487.708536] change 400428 page nx
[  487.708539] change 400430 page nx
[  487.708542] change 400438 page nx
[  487.708545] change 400440 page nx
[  487.708548] change 400448 page nx
[  487.708551] change 400450 page nx
[  487.708554] change 400458 page nx
[  487.708557] change 400460 page nx
[  487.708560] change 400468 page nx
[  487.708563] change 400470 page nx
[  487.708566] change 400478 page nx
[  487.708569] change 400480 page nx
[  487.708572] change 400488 page nx
[  487.708575] change 400490 page nx
[  487.708578] change 400498 page nx
[  487.708581] change 4004a0 page nx
[  487.708584] change 4004a8 page nx
[  487.708587] change 4004b0 page nx
[  487.708590] change 4004b8 page nx
[  487.708593] change 4004c0 page nx
[  487.708596] change 4004c8 page nx
[  487.708599] change 4004d0 page nx
[  487.708602] change 4004d8 page nx
[  487.708605] change 4004e0 page nx
[  487.708608] change 4004e8 page nx
[  487.708611] change 4004f0 page nx
[  487.708614] change 4004f8 page nx
[  487.708617] change 400500 page nx
[  487.708620] change 400508 page nx
[  487.708623] change 400510 page nx
[  487.708626] change 400518 page nx
[  487.708629] change 400520 page nx
[  487.708632] change 400528 page nx
[  487.708635] change 400530 page nx
[  487.708638] change 400538 page nx
[  487.708641] change 400540 page nx
[  487.708644] change 400548 page nx
[  487.708647] change 400550 page nx
[  487.708650] change 400558 page nx
[  487.708653] change 400560 page nx
[  487.708656] change 400568 page nx
[  487.708659] change 400570 page nx
[  487.708662] change 400578 page nx
[  487.708665] change 400580 page nx
[  487.708668] change 400588 page nx
[  487.708671] change 400590 page nx
[  487.708674] change 400598 page nx
[  487.708677] change 4005a0 page nx
[  487.708680] change 4005a8 page nx
[  487.708683] change 4005b0 page nx
[  487.708686] change 4005b8 page nx
[  487.708689] change 4005c0 page nx
[  487.708692] change 4005c8 page nx
[  487.708695] change 4005d0 page nx
[  487.708698] change 4005d8 page nx
[  487.708701] change 4005e0 page nx
[  487.708704] change 4005e8 page nx
[  487.708707] change 4005f0 page nx
[  487.708710] change 4005f8 page nx
[  487.708713] change 400600 page nx
[  487.708716] change 400608 page nx
[  487.708719] change 400610 page nx
[  487.708722] change 400618 page nx
[  487.708725] change 400620 page nx
[  487.708728] change 400628 page nx
[  487.708731] change 400630 page nx
[  487.708734] change 400638 page nx
[  487.708737] change 400640 page nx
[  487.708740] change 400648 page nx
[  487.708743] change 400650 page nx
[  487.708746] change 400658 page nx
[  487.708749] change 400660 page nx
[  487.708752] change 400668 page nx
[  487.708755] change 400670 page nx
[  487.708758] change 400678 page nx
[  487.708761] change 400680 page nx
[  487.708764] change 400688 page nx
[  487.708767] change 400690 page nx
[  487.708770] change 400698 page nx
[  487.708773] change 4006a0 page nx
[  487.708776] change 4006a8 page nx
[  487.708779] change 4006b0 page nx
[  487.708782] change 4006b8 page nx
[  487.708786] change 4006c0 page nx
[  487.708789] change 4006c8 page nx
[  487.708792] change 4006d0 page nx
[  487.708795] change 4006d8 page nx
[  487.708798] change 4006e0 page nx
[  487.708801] change 4006e8 page nx
[  487.708804] change 4006f0 page nx
[  487.708807] change 4006f8 page nx
[  487.708810] change 400700 page nx
[  487.708813] change 400708 page nx
[  487.708816] change 400710 page nx
[  487.708819] change 400718 page nx
[  487.708822] change 400720 page nx
[  487.708825] change 400728 page nx
[  487.708828] change 400730 page nx
[  487.708831] change 400738 page nx
[  487.708834] change 400740 page nx
[  487.708837] change 400748 page nx
[  487.708840] change 400750 page nx
[  487.708843] change 400758 page nx
[  487.708846] change 400760 page nx
[  487.708849] change 400768 page nx
[  487.708852] change 400770 page nx
[  487.708855] change 400778 page nx
[  487.708858] change 400780 page nx
[  487.708861] change 400788 page nx
[  487.708864] change 400790 page nx
[  487.708867] change 400798 page nx
[  487.708870] change 4007a0 page nx
[  487.708873] change 4007a8 page nx
[  487.708876] change 4007b0 page nx
[  487.708879] change 4007b8 page nx
[  487.708882] change 4007c0 page nx
[  487.708882] make all pages nx, test
[  488.309835] armor-module is being opened
[  488.309843] Got a PLT - GOT table:
[  488.309844] 0000000000400410: 00007f7bbcda0400
[  488.309845] 0000000000400420: 00007f7bbe3a54fe
[  488.309846] 0000000000400430:           (null)
[  488.309851] Got a exit points table
[  488.309869] Copying PLT-GOT meta data
[  488.309884] Copying PLT data
[  488.309885] Copying GOT data
[  488.309892] Waiting for exit points to become ready...
[  488.309892] Copying simples
[  488.309894] Copying exitpoints
[  488.309898] A:3:0: GET_JIT - JIT analyzer is waiting for work now
[  556.682226] A:2:0: BYE BYE! - do_exit for task @ 0xffff8800d38d3ae0
[  556.682351] A:2:0: EXIT. locking lib mutex
[  556.682366] A:2:0: EXIT. locking cbk mutex
[  556.682368] A:2:0: EXIT. locking sig mutex
[  556.682370] A:2:0: EXIT done
[  563.906690] A:3:0: GET_JIT: INTERRUPTED!
[  563.906801] di-opt[4438]: segfault at 62fdc20 ip 00007fe4d30a161d sp 00007ffc350bd2d8 error 6 in libc-2.19.so[7fe4d3015000+1bb000]
[  563.907221] Some statistics:
[  563.907223] Signal handlers entered: 0
[  563.907224] Signal returns:          0
[  563.907224] Library calls:    5920768
[  563.907225] Library returns:  5920768
[  563.907226] Callback calls:   0
[  563.907226] Callback returns: 0
[  563.907227] 
[  563.907227] Number of newly created tasks: 0
[  563.907228] Number of exited tasks:        1
[  563.907228] 
[  563.907229] System calls to execve:    0
[  563.907229] System calls to read:    0
[  563.907230] System calls to write:    0
[  563.907231] System calls to mmap:      0     (only PROT_EXEC: 0)
[  563.907232] System calls to mprotect:  0     (only PROT_EXEC: 0)
[  563.907232] System calls to sigaction: 0
[  563.907233] System calls total:        0
[  563.907233] 
[  563.907234] Context switches (sched-out): 10217594
[  563.907234] Context switches (sched-in):  10217594
[  563.907235] 
[  563.907235] Number of digests computed: 0
[  563.907236] LBR JIT lookups:     0
[  563.907236] LBR JIT cache hits:  0
[  563.907237] LBR JIT hits:        0
[  563.907238] LBR JIT misses:      0
[  563.907238] LBR JIT unsupported: 0
[  563.907239] LBR JIT timeouts:    0
[  563.907239] LBR JIT sec:         0
[  563.907240] LBR JIT usec:        0
[  563.907240] armor-module is now closed
[ 1079.520241] jmp_src @ ffffffff810842e0:
[ 1079.520244] 90 90 90 90 90 55 48 89 e5 53 48 83 ec 18 85 ff 
[ 1079.520248] [intercept.c] inserting relative jump ffffffff810842e0 --> ffffffffc0c429bf
[ 1079.520250] jmp_src @ ffffffff810842e0:
[ 1079.520251] e9 da e6 bb 3f 55 48 89 e5 53 48 83 ec 18 85 ff 
[ 1079.520254] jmp_back_src @ ffffffffc0c429d5:
[ 1079.520255] 90 90 90 90 90 48 83 f8 09 74 2f 48 83 f8 0a 0f 
[ 1079.520259] [intercept.c] inserting relative jump ffffffffc0c429d5 --> ffffffff810842e5
[ 1079.520260] jmp_back_src @ ffffffffc0c429d5:
[ 1079.520260] e9 0b 19 44 c0 48 83 f8 09 74 2f 48 83 f8 0a 0f 
[ 1079.534090] page fault: addr_dft_page_fault=0xffffffff817b87c0
[ 1079.534092] page fault: addr_dft_do_page_fault=0xffffffff81062280
[ 1079.534092] page fault: addr_pv_irq_ops=0xffffffff81c31ac0
[ 1079.534093] page fault: addr_error_entry=0xffffffff817b8980
[ 1079.534094] page fault: addr_error_exit=0xffffffff817b8a30
[ 1079.534094] page fault handler: alloc a page to store new idt table.
[ 1079.534419] page fault handler: load the new idt table.
[ 1079.534419] page fault handler: new idt table loaded.
[ 1079.534440] page fault handler: all CPUs have loaded the new idt table.
[ 1079.534441] Armor module initialized
[ 1084.478104] armor-module is being opened
[ 1084.478113] Waiting for target to start...
[ 1098.954163] armor-module is being opened
[ 1098.954170] A:2:0: ARMOR_COPY
[ 1098.954176] Getting offsets
[ 1098.954176] A:2:0: ARMOR_INIT
[ 1098.954188] Copying to user
[ 1098.954218] Waiting for library instrumentation to finish...
[ 1098.954304] A:3:0: Enabling LBR
[ 1098.954319] A:1:0: Enabling LBR
[ 1098.954321] A:0:0: Enabling LBR
[ 1098.954326] A:2:0: Enabling LBR
[ 1098.954332] A:2:0: ARMOR_INIT, start: 400000
[ 1098.954333] A:2:0: ARMOR_INIT, end  : 400a2c
[ 1098.954334] A:2:0: copied!
[ 1098.954412] change 400000 page nx
[ 1098.954416] change 400008 page nx
[ 1098.954419] change 400010 page nx
[ 1098.954431] change 400018 page nx
[ 1098.954434] change 400020 page nx
[ 1098.954438] change 400028 page nx
[ 1098.954450] change 400030 page nx
[ 1098.954453] change 400038 page nx
[ 1098.954456] change 400040 page nx
[ 1098.954459] change 400048 page nx
[ 1098.954472] change 400050 page nx
[ 1098.954475] change 400058 page nx
[ 1098.954478] change 400060 page nx
[ 1098.954481] change 400068 page nx
[ 1098.954485] change 400070 page nx
[ 1098.954488] change 400078 page nx
[ 1098.954491] change 400080 page nx
[ 1098.954494] change 400088 page nx
[ 1098.954497] change 400090 page nx
[ 1098.954500] change 400098 page nx
[ 1098.954512] change 4000a0 page nx
[ 1098.954515] change 4000a8 page nx
[ 1098.954518] change 4000b0 page nx
[ 1098.954521] change 4000b8 page nx
[ 1098.954524] change 4000c0 page nx
